
Allocating common symbols
Common symbol       size              file

netbufpool          0x4               binaries/net.o
rfltab              0x5a0             binaries/rflinit.o
netportseed         0x8               binaries/net.o
sleepq              0x2               binaries/clkinit.o
nnames              0x4               binaries/naminit.o
udptab              0x168             binaries/udp.o
minheap             0x4               binaries/meminit.o
marks               0x50              binaries/mark.o
currpid             0x4               binaries/initialize.o
Lf_data             0x20c             binaries/lfsinit.o
porttab             0x2d0             binaries/ptinit.o
girmask             0x2               binaries/evec.o
ttytab              0x110             binaries/ttyinit.o
proctab             0x1a90            binaries/initialize.o
prcount             0x4               binaries/initialize.o
lfltab              0xf00             binaries/lflinit.o
rdstab              0x8c              binaries/rdsinit.o
ethertab            0x138             binaries/ethinit.o
NetData             0xb0              binaries/net.o
nmarks              0x4               binaries/mark.o
Defer               0x8               binaries/resched.o
semtab              0x4b0             binaries/initialize.o
maxheap             0x4               binaries/meminit.o
preempt             0x4               binaries/clkinit.o
buftab              0xf0              binaries/bufinit.o
Rf_data             0x18              binaries/rfsinit.o
mkmutex             0x4               binaries/mark.o
readylists          0x14              binaries/ready.o
clktime             0x4               binaries/clkinit.o
arpcache            0x140             binaries/arp.o
icmptab             0x230             binaries/icmp.o
nbpools             0x4               binaries/bufinit.o
queuetab            0xa20             binaries/queue.o
ptnextid            0x4               binaries/ptinit.o
Ram                 0x19000           binaries/raminit.o
ipoqueue            0x2c              binaries/ip.o
memlist             0x8               binaries/initialize.o
nametab             0x19a0            binaries/naminit.o
ptfree              0x4               binaries/ptinit.o

Memory Configuration

Name             Origin             Length             Attributes
*default*        0x0000000000000000 0xffffffffffffffff

Linker script and memory map

                0x0000000000100000                physbase = 0x100000
                0x0000000000100000                . = physbase
                0x0000000000100000                . = ALIGN (0x1000)

.text           0x0000000000100000    0x1a000
                0x0000000000100000                text = ABSOLUTE (.)
 *(.text .text.*)
 .text          0x0000000000100000      0x1b4 binaries/start.o
                0x0000000000100024                start
                0x00000000001000f6                inb
                0x00000000001000fe                inw
                0x0000000000100107                inl
                0x000000000010010f                outb
                0x0000000000100119                outw
                0x0000000000100124                outl
                0x000000000010012e                _rtcin
                0x0000000000100139                ___udivsi3
                0x0000000000100144                ___divsi3
                0x0000000000100150                sbzero
                0x0000000000100160                insw
                0x0000000000100176                outsw
                0x000000000010018c                bcopy
                0x00000000001001a0                lidt
                0x00000000001001a8                cpuid
 .text          0x00000000001001b4      0x3e4 binaries/ascdate.o
                0x00000000001001b4                ascdate
 .text          0x0000000000100598       0x14 binaries/bufinit.o
                0x0000000000100598                bufinit
 .text          0x00000000001005ac       0x8d binaries/chprio.o
                0x00000000001005ac                chprio
 .text          0x0000000000100639       0xbd binaries/clkhandler.o
                0x0000000000100639                clkhandler
 .text          0x00000000001006f6       0x7e binaries/clkinit.o
                0x00000000001006f6                clkinit
 .text          0x0000000000100774       0x75 binaries/close.o
                0x0000000000100774                close
 .text          0x00000000001007e9        0x0 binaries/conf.o
 .text          0x00000000001007e9       0x7b binaries/control.o
                0x00000000001007e9                control
 .text          0x0000000000100864      0x311 binaries/create.o
                0x0000000000100864                create
 .text          0x0000000000100b75      0x29e binaries/early_imr.o
                0x0000000000100b75                intel_cln_early_sb_read_reg
                0x0000000000100bf5                intel_cln_early_sb_write_reg
                0x0000000000100d88                remove_irm_protections
 .text          0x0000000000100e13      0x43e binaries/evec.o
                0x0000000000100e13                initevec
                0x0000000000100f0f                set_evec
                0x0000000000100fb1                setirmask
                0x000000000010100b                trap
 .text          0x0000000000101251       0x1a binaries/exit.o
                0x0000000000101251                exit
 .text          0x000000000010126b       0x8c binaries/freebuf.o
                0x000000000010126b                freebuf
 .text          0x00000000001012f7      0x172 binaries/freemem.o
                0x00000000001012f7                freemem
 .text          0x0000000000101469       0x8a binaries/getbuf.o
                0x0000000000101469                getbuf
 .text          0x00000000001014f3       0x75 binaries/getc.o
                0x00000000001014f3                getc
 .text          0x0000000000101568       0x73 binaries/getdev.o
                0x0000000000101568                getdev
 .text          0x00000000001015db       0xd0 binaries/getitem.o
                0x00000000001015db                getfirst
                0x0000000000101620                getlast
                0x0000000000101667                getitem
 .text          0x00000000001016ab      0x10a binaries/getmem.o
                0x00000000001016ab                getmem
 .text          0x00000000001017b5        0xa binaries/getpid.o
                0x00000000001017b5                getpid
 .text          0x00000000001017bf       0x74 binaries/getprio.o
                0x00000000001017bf                getprio
 .text          0x0000000000101833       0xfb binaries/getstk.o
                0x0000000000101833                getstk
 .text          0x000000000010192e       0x16 binaries/getticks.o
                0x000000000010192e                getticks
 .text          0x0000000000101944       0x3a binaries/gettime.o
                0x0000000000101944                gettime
 .text          0x000000000010197e      0x1d8 binaries/getutime.o
                0x000000000010197e                getutime
 .text          0x0000000000101b56       0x75 binaries/init.o
                0x0000000000101b56                init
 .text          0x0000000000101bcb      0x438 binaries/initialize.o
                0x0000000000101bcb                nulluser
                0x0000000000101faa                stop
                0x0000000000101fd5                delay
 .text          0x0000000000102003       0xda binaries/insert.o
                0x0000000000102003                insert
 .text          0x00000000001020dd      0x10c binaries/insertd.o
                0x00000000001020dd                insertd
 .text          0x00000000001021e9       0xda binaries/insertp.o
                0x00000000001021e9                insertp
 .text          0x00000000001022c3        0xa binaries/ioerr.o
                0x00000000001022c3                ioerr
 .text          0x00000000001022cd        0xa binaries/ionull.o
                0x00000000001022cd                ionull
 .text          0x00000000001022d7      0x194 binaries/kill.o
                0x00000000001022d7                kill
 .text          0x000000000010246b      0x138 binaries/kprintf.o
                0x000000000010246b                kputc
                0x00000000001024f6                kgetc
                0x0000000000102579                kprintf
 .text          0x00000000001025a3      0x624 binaries/lab1app2a.o
                0x00000000001025a3                lab1app2a
 .text          0x0000000000102bc7       0x6c binaries/lab1app2b.o
                0x0000000000102bc7                lab1app2b
 .text          0x0000000000102c33       0x6d binaries/lab1app.o
                0x0000000000102c33                lab1app
 .text          0x0000000000102ca0       0xe5 binaries/main.o
                0x0000000000102ca0                main
                0x0000000000102ce8                prod2
                0x0000000000102d31                cons2
 .text          0x0000000000102d85       0xb6 binaries/mark.o
                0x0000000000102d85                markinit
                0x0000000000102daa                mark
 .text          0x0000000000102e3b      0x2ce binaries/meminit.o
                0x0000000000102e3b                meminit
                0x0000000000103062                setsegs
 .text          0x0000000000103109      0x174 binaries/mkbufpool.o
                0x0000000000103109                mkbufpool
 .text          0x000000000010327d       0x94 binaries/newqueue.o
                0x000000000010327d                newqueue
 .text          0x0000000000103311       0x7b binaries/open.o
                0x0000000000103311                open
 .text          0x000000000010338c       0x20 binaries/panic.o
                0x000000000010338c                panic
 .text          0x00000000001033ac      0x41b binaries/pci.o
                0x00000000001033ac                pci_init
                0x0000000000103436                find_pci_device
                0x000000000010351d                pci_read_config_byte
                0x000000000010357b                pci_read_config_word
                0x00000000001035db                pci_read_config_dword
                0x0000000000103639                pci_write_config_byte
                0x000000000010369b                pci_write_config_word
                0x00000000001036ff                pci_write_config_dword
                0x000000000010375b                pci_get_dev_mmio_base_addr
 .text          0x00000000001037c7       0xca binaries/platinit.o
                0x00000000001037c7                cpu_is_quark
                0x00000000001037e4                console_init
                0x000000000010382d                platinit
 .text          0x0000000000103891       0xf1 binaries/ptclear.o
                0x0000000000103891                _ptclear
 .text          0x0000000000103982       0x9d binaries/ptcount.o
                0x0000000000103982                ptcount
 .text          0x0000000000103a1f      0x116 binaries/ptcreate.o
                0x0000000000103a1f                ptcreate
 .text          0x0000000000103b35       0x7f binaries/ptdelete.o
                0x0000000000103b35                ptdelete
 .text          0x0000000000103bb4       0xbd binaries/ptinit.o
                0x0000000000103bb4                ptinit
 .text          0x0000000000103c71      0x11b binaries/ptrecv.o
                0x0000000000103c71                ptrecv
 .text          0x0000000000103d8c       0x77 binaries/ptreset.o
                0x0000000000103d8c                ptreset
 .text          0x0000000000103e03      0x13d binaries/ptsend.o
                0x0000000000103e03                ptsend
 .text          0x0000000000103f40       0x80 binaries/putc.o
                0x0000000000103f40                putc
 .text          0x0000000000103fc0       0xcc binaries/quark_irq.o
                0x0000000000103fc0                quark_irq_routing
 .text          0x000000000010408c      0x1e9 binaries/quark_pdat.o
                0x000000000010408c                get_quark_pdat_entry_data_by_id
                0x000000000010417b                get_quark_pdat_entry_data_by_desc
 .text          0x0000000000104275      0x10d binaries/queue.o
                0x0000000000104275                enqueue
                0x0000000000104315                dequeue
 .text          0x0000000000104382       0x7b binaries/read.o
                0x0000000000104382                read
 .text          0x00000000001043fd       0xc5 binaries/ready.o
                0x00000000001043fd                ready
 .text          0x00000000001044c2       0x72 binaries/receive.o
                0x00000000001044c2                receive
 .text          0x0000000000104534       0x5b binaries/recvclr.o
                0x0000000000104534                recvclr
 .text          0x000000000010458f       0xba binaries/recvtime.o
                0x000000000010458f                recvtime
 .text          0x0000000000104649      0x2f5 binaries/resched.o
                0x0000000000104649                resched
                0x00000000001048c9                resched_cntl
 .text          0x000000000010493e       0xaa binaries/resume.o
                0x000000000010493e                resume
 .text          0x00000000001049e8       0x79 binaries/seek.o
                0x00000000001049e8                seek
 .text          0x0000000000104a61       0x6f binaries/semcount.o
                0x0000000000104a61                semcount
 .text          0x0000000000104ad0       0xd5 binaries/semcreate.o
                0x0000000000104ad0                semcreate
 .text          0x0000000000104ba5       0xcd binaries/semdelete.o
                0x0000000000104ba5                semdelete
 .text          0x0000000000104c72       0xcb binaries/semreset.o
                0x0000000000104c72                semreset
 .text          0x0000000000104d3d       0xe6 binaries/send.o
                0x0000000000104d3d                send
 .text          0x0000000000104e23       0xa8 binaries/signal.o
                0x0000000000104e23                signal
 .text          0x0000000000104ecb       0xd6 binaries/signaln.o
                0x0000000000104ecb                signaln
 .text          0x0000000000104fa1      0x132 binaries/sleep.o
                0x0000000000104fa1                sleep
                0x0000000000104fef                sleepms
 .text          0x00000000001050d3       0xec binaries/stacktrace.o
                0x00000000001050d3                stacktrace
 .text          0x00000000001051bf       0xe0 binaries/suspend.o
                0x00000000001051bf                suspend
 .text          0x000000000010529f       0xe2 binaries/unsleep.o
                0x000000000010529f                unsleep
 .text          0x0000000000105381       0x1a binaries/userret.o
                0x0000000000105381                userret
 .text          0x000000000010539b       0xda binaries/wait.o
                0x000000000010539b                wait
 .text          0x0000000000105475       0x72 binaries/wakeup.o
                0x0000000000105475                wakeup
 .text          0x00000000001054e7       0x7b binaries/write.o
                0x00000000001054e7                write
 .text          0x0000000000105562       0x1e binaries/xdone.o
                0x0000000000105562                xdone
 .text          0x0000000000105580       0x52 binaries/yield.o
                0x0000000000105580                yield
 .text          0x00000000001055d2       0x11 binaries/abs.o
                0x00000000001055d2                abs
 .text          0x00000000001055e3       0x8f binaries/atoi.o
                0x00000000001055e3                atoi
 .text          0x0000000000105672       0x8f binaries/atol.o
                0x0000000000105672                atol
 .text          0x0000000000105701       0x32 binaries/bzero.o
                0x0000000000105701                bzero
 .text          0x0000000000105733        0x0 binaries/ctype_.o
 .text          0x0000000000105733      0x8ed binaries/doprnt.o
                0x0000000000105733                _doprnt
 .text          0x0000000000106020      0x66b binaries/doscan.o
                0x0000000000106020                _doscan
 .text          0x000000000010668b      0x716 binaries/fdoprnt.o
                0x000000000010668b                _fdoprnt
 .text          0x0000000000106da1       0x29 binaries/fgetc.o
                0x0000000000106da1                fgetc
 .text          0x0000000000106dca       0x75 binaries/fgets.o
                0x0000000000106dca                fgets
 .text          0x0000000000106e3f       0x2a binaries/fprintf.o
                0x0000000000106e3f                fprintf
 .text          0x0000000000106e69       0x2c binaries/fputc.o
                0x0000000000106e69                fputc
 .text          0x0000000000106e95       0x43 binaries/fputs.o
                0x0000000000106e95                fputs
 .text          0x0000000000106ed8       0x8a binaries/fscanf.o
                0x0000000000106ed8                fscanf
 .text          0x0000000000106f62       0x2c binaries/getchar.o
                0x0000000000106f62                getchar
 .text          0x0000000000106f8e       0x11 binaries/labs.o
                0x0000000000106f8e                labs
 .text          0x0000000000106f9f        0x0 binaries/memchr.o
 .text          0x0000000000106f9f       0x51 binaries/memcmp.o
                0x0000000000106f9f                memcmp
 .text          0x0000000000106ff0       0x3f binaries/memcpy.o
                0x0000000000106ff0                memcpy
 .text          0x000000000010702f       0x30 binaries/memset.o
                0x000000000010702f                memset
 .text          0x000000000010705f       0x42 binaries/printf.o
                0x000000000010705f                printf
 .text          0x00000000001070a1       0x2f binaries/putchar.o
                0x00000000001070a1                putchar
 .text          0x00000000001070d0      0x281 binaries/qsort.o
                0x00000000001070d0                qsort
 .text          0x0000000000107351       0x64 binaries/rand.o
                0x0000000000107351                rand
                0x0000000000107369                rand_r
                0x00000000001073a7                srand
 .text          0x00000000001073b5       0x66 binaries/sprintf.o
                0x00000000001073b5                sprintf
 .text          0x000000000010741b       0x70 binaries/sscanf.o
                0x000000000010741b                sscanf
 .text          0x000000000010748b       0x3c binaries/strchr.o
                0x000000000010748b                strchr
 .text          0x00000000001074c7       0x45 binaries/strcmp.o
                0x00000000001074c7                strcmp
 .text          0x000000000010750c       0x27 binaries/strcpy.o
                0x000000000010750c                strcpy
 .text          0x0000000000107533       0x26 binaries/strlen.o
                0x0000000000107533                strlen
 .text          0x0000000000107559       0x56 binaries/strncat.o
                0x0000000000107559                strncat
 .text          0x00000000001075af       0x5f binaries/strncmp.o
                0x00000000001075af                strncmp
 .text          0x000000000010760e       0x4f binaries/strncpy.o
                0x000000000010760e                strncpy
 .text          0x000000000010765d       0x2e binaries/strnlen.o
                0x000000000010765d                strnlen
 .text          0x000000000010768b       0x45 binaries/strrchr.o
                0x000000000010768b                strrchr
 .text          0x00000000001076d0       0x6e binaries/strstr.o
                0x00000000001076d0                strstr
 .text          0x000000000010773e       0xe4 binaries/ttycontrol.o
                0x000000000010773e                ttycontrol
 .text          0x0000000000107822       0x97 binaries/ttygetc.o
                0x0000000000107822                ttygetc
 .text          0x00000000001078b9      0x6df binaries/ttyhandle_in.o
                0x00000000001078b9                ttyhandle_in
 .text          0x0000000000107f98      0x188 binaries/ttyhandle_out.o
                0x0000000000107f98                ttyhandle_out
 .text          0x0000000000108120       0xb6 binaries/ttyhandler.o
                0x0000000000108120                ttyhandler
 .text          0x00000000001081d6      0x1f1 binaries/ttyinit.o
                0x00000000001081d6                ttyinit
 .text          0x00000000001083c7       0x10 binaries/ttykickout.o
                0x00000000001083c7                ttykickout
 .text          0x00000000001083d7       0xb7 binaries/ttyputc.o
                0x00000000001083d7                ttyputc
 .text          0x000000000010848e      0x11b binaries/ttyread.o
                0x000000000010848e                ttyread
 .text          0x00000000001085a9       0x4d binaries/ttywrite.o
                0x00000000001085a9                ttywrite
 .text          0x00000000001085f6      0x14b binaries/mount.o
                0x00000000001085f6                mount
                0x000000000010870b                namlen
 .text          0x0000000000108741      0x1eb binaries/naminit.o
                0x0000000000108741                naminit
 .text          0x000000000010892c      0x212 binaries/nammap.o
                0x000000000010892c                nammap
                0x00000000001089b7                namrepl
                0x0000000000108aee                namcpy
 .text          0x0000000000108b3e       0x4e binaries/namopen.o
                0x0000000000108b3e                namopen
 .text          0x0000000000108b8c       0x90 binaries/ethcontrol.o
                0x0000000000108b8c                ethcontrol
 .text          0x0000000000108c1c      0x18a binaries/ethhandler.o
                0x0000000000108c1c                ethhandler
 .text          0x0000000000108da6      0x724 binaries/ethinit.o
                0x0000000000108da6                eth_phy_read
                0x0000000000108e10                eth_phy_write
                0x0000000000108e85                eth_phy_reset
                0x0000000000108fc9                ethinit
 .text          0x00000000001094ca      0x17c binaries/ethmcast.o
                0x00000000001094ca                ethmcast_add
                0x0000000000109546                ethmcast_remove
 .text          0x0000000000109646      0x18a binaries/ethread.o
                0x0000000000109646                ethread
 .text          0x00000000001097d0       0xf5 binaries/ethwrite.o
                0x00000000001097d0                ethwrite
 .text          0x00000000001098c5       0x9e binaries/rdsbufalloc.o
                0x00000000001098c5                rdsbufalloc
 .text          0x0000000000109963       0xcc binaries/rdsclose.o
                0x0000000000109963                rdsclose
 .text          0x0000000000109a2f      0x2eb binaries/rdscomm.o
                0x0000000000109a2f                rdscomm
 .text          0x0000000000109d1a      0x234 binaries/rdscontrol.o
                0x0000000000109d1a                rdscontrol
 .text          0x0000000000109f4e      0x1f3 binaries/rdsinit.o
                0x0000000000109f4e                rdsinit
 .text          0x000000000010a141      0x19b binaries/rdsopen.o
                0x000000000010a141                rdsopen
 .text          0x000000000010a2dc      0x461 binaries/rdsprocess.o
                0x000000000010a2dc                rdsprocess
 .text          0x000000000010a73d      0x25b binaries/rdsread.o
                0x000000000010a73d                rdsread
 .text          0x000000000010a998      0x1fb binaries/rdswrite.o
                0x000000000010a998                rdswrite
 .text          0x000000000010ab93        0xa binaries/ramclose.o
                0x000000000010ab93                ramclose
 .text          0x000000000010ab9d       0x3e binaries/raminit.o
                0x000000000010ab9d                raminit
 .text          0x000000000010abdb        0xa binaries/ramopen.o
                0x000000000010abdb                ramopen
 .text          0x000000000010abe5       0x32 binaries/ramread.o
                0x000000000010abe5                ramread
 .text          0x000000000010ac17       0x32 binaries/ramwrite.o
                0x000000000010ac17                ramwrite
 .text          0x000000000010ac49       0x98 binaries/lfdballoc.o
                0x000000000010ac49                lfdballoc
 .text          0x000000000010ace1       0x58 binaries/lfdbfree.o
                0x000000000010ace1                lfdbfree
 .text          0x000000000010ad39       0xb6 binaries/lfflush.o
                0x000000000010ad39                lfflush
 .text          0x000000000010adef       0xd8 binaries/lfgetmode.o
                0x000000000010adef                lfgetmode
 .text          0x000000000010aec7       0x68 binaries/lfiballoc.o
                0x000000000010aec7                lfiballoc
 .text          0x000000000010af2f       0x3b binaries/lfibclear.o
                0x000000000010af2f                lfibclear
 .text          0x000000000010af6a       0xad binaries/lfibget.o
                0x000000000010af6a                lfibget
 .text          0x000000000010b017       0xdc binaries/lfibput.o
                0x000000000010b017                lfibput
 .text          0x000000000010b0f3       0xa2 binaries/lflclose.o
                0x000000000010b0f3                lflclose
 .text          0x000000000010b195       0xd0 binaries/lflcontrol.o
                0x000000000010b195                lflcontrol
 .text          0x000000000010b265       0xf2 binaries/lflgetc.o
                0x000000000010b265                lflgetc
 .text          0x000000000010b357       0xf0 binaries/lflinit.o
                0x000000000010b357                lflinit
 .text          0x000000000010b447      0x122 binaries/lflputc.o
                0x000000000010b447                lflputc
 .text          0x000000000010b569       0x70 binaries/lflread.o
                0x000000000010b569                lflread
 .text          0x000000000010b5d9       0xac binaries/lflseek.o
                0x000000000010b5d9                lflseek
 .text          0x000000000010b685       0x55 binaries/lflwrite.o
                0x000000000010b685                lflwrite
 .text          0x000000000010b6da       0x62 binaries/lfscheck.o
                0x000000000010b6da                lfscheck
 .text          0x000000000010b73c      0x175 binaries/lfsckfmt.o
                0x000000000010b73c                lfsckfmt
 .text          0x000000000010b8b1      0x1af binaries/lfscreate.o
                0x000000000010b8b1                lfscreate
 .text          0x000000000010ba60      0x27f binaries/lfsetup.o
                0x000000000010ba60                lfsetup
 .text          0x000000000010bcdf       0x51 binaries/lfsinit.o
                0x000000000010bcdf                lfsinit
 .text          0x000000000010bd30      0x3c2 binaries/lfsopen.o
                0x000000000010bd30                lfsopen
 .text          0x000000000010c0f2      0x15e binaries/lftruncate.o
                0x000000000010c0f2                lftruncate
 .text          0x000000000010c250       0x71 binaries/rflclose.o
                0x000000000010c250                rflclose
 .text          0x000000000010c2c1       0x32 binaries/rflgetc.o
                0x000000000010c2c1                rflgetc
 .text          0x000000000010c2f3       0x78 binaries/rflinit.o
                0x000000000010c2f3                rflinit
 .text          0x000000000010c36b       0x33 binaries/rflputc.o
                0x000000000010c36b                rflputc
 .text          0x000000000010c39e      0x35e binaries/rflread.o
                0x000000000010c39e                rflread
 .text          0x000000000010c6fc       0x74 binaries/rflseek.o
                0x000000000010c6fc                rflseek
 .text          0x000000000010c770      0x34d binaries/rflwrite.o
                0x000000000010c770                rflwrite
 .text          0x000000000010cabd      0x1e4 binaries/rfscomm.o
                0x000000000010cabd                rfscomm
 .text          0x000000000010cca1      0x28e binaries/rfscontrol.o
                0x000000000010cca1                rfscontrol
 .text          0x000000000010cf2f       0xd8 binaries/rfsgetmode.o
                0x000000000010cf2f                rfsgetmode
 .text          0x000000000010d007       0x86 binaries/rfsinit.o
                0x000000000010d007                rfsinit
 .text          0x000000000010d08d      0x111 binaries/rfsndmsg.o
                0x000000000010d08d                rfsndmsg
 .text          0x000000000010d19e      0x2ab binaries/rfsopen.o
                0x000000000010d19e                rfsopen
 .text          0x000000000010d449      0x83b binaries/arp.o
                0x000000000010d449                arp_init
                0x000000000010d47c                arp_resolve
                0x000000000010d733                arp_in
                0x000000000010d9ea                arp_alloc
                0x000000000010daaa                arp_ntoh
                0x000000000010db97                arp_hton
 .text          0x000000000010dc84      0x8e8 binaries/dhcp.o
                0x000000000010dc84                dhcp_get_opt_val
                0x000000000010dcdd                dhcp_bld_bootp_msg
                0x000000000010ddeb                dhcp_bld_disc
                0x000000000010ded4                dhcp_bld_req
                0x000000000010e046                getlocalip
 .text          0x000000000010e56c      0x5a0 binaries/dns.o
                0x000000000010e56c                dnslookup
 .text          0x000000000010eb0c       0xea binaries/dot2ip.o
                0x000000000010eb0c                dot2ip
 .text          0x000000000010ebf6      0x4c4 binaries/hexdump.o
                0x000000000010ebf6                hexdump
                0x000000000010ed9d                hexadump
 .text          0x000000000010f0ba      0x8ab binaries/icmp.o
                0x000000000010f0ba                icmp_init
                0x000000000010f0f1                icmp_in
                0x000000000010f2c7                icmp_register
                0x000000000010f3c2                icmp_recv
                0x000000000010f54f                icmp_send
                0x000000000010f5d7                icmp_mkpkt
                0x000000000010f6f1                icmp_release
                0x000000000010f7ef                icmp_cksum
                0x000000000010f87b                icmp_hton
                0x000000000010f8f0                icmp_ntoh
 .text          0x000000000010f965      0x8a7 binaries/ip.o
                0x000000000010f965                ip_in
                0x000000000010fae9                ip_send
                0x000000000010fc44                ip_local
                0x000000000010fc90                ip_out
                0x000000000010fdc9                ipcksum
                0x000000000010fe4f                ip_ntoh
                0x000000000010ff3c                ip_hton
                0x0000000000110029                ipout
                0x0000000000110158                ip_enqueue
 .text          0x000000000011020c      0x2cf binaries/net.o
                0x000000000011020c                net_init
                0x0000000000110334                netin
                0x00000000001103f1                eth_hton
                0x000000000011041c                eth_ntoh
                0x0000000000110447                getport
 .text          0x00000000001104db     0x147c binaries/pdump.o
                0x00000000001104db                pdump
                0x0000000000111298                pdumph
 .text          0x0000000000111957      0x4bc binaries/tftp.o
                0x0000000000111957                tftp_send1
                0x0000000000111ad7                tftpget
 .text          0x0000000000111e13      0xb81 binaries/udp.o
                0x0000000000111e13                udp_init
                0x0000000000111e48                udp_in
                0x0000000000111f8a                udp_register
                0x00000000001120c6                udp_recv
                0x0000000000112262                udp_recvaddr
                0x0000000000112416                udp_send
                0x00000000001125fe                udp_sendto
                0x00000000001127af                udp_release
                0x00000000001128aa                udp_ntoh
                0x000000000011291f                udp_hton
 .text          0x0000000000112994      0x138 binaries/addargs.o
                0x0000000000112994                addargs
 .text          0x0000000000112acc      0x2c7 binaries/lexan.o
                0x0000000000112acc                lexan
 .text          0x0000000000112d93      0x667 binaries/shell.o
                0x0000000000112d93                shell
 .text          0x00000000001133fa       0x69 binaries/xsh_argecho.o
                0x00000000001133fa                xsh_argecho
 .text          0x0000000000113463      0x279 binaries/xsh_arp.o
                0x0000000000113463                xsh_arp
 .text          0x00000000001136dc      0x251 binaries/xsh_cat.o
                0x00000000001136dc                xsh_cat
 .text          0x000000000011392d       0x59 binaries/xsh_clear.o
                0x000000000011392d                xsh_clear
 .text          0x0000000000113986      0x2de binaries/xsh_date.o
                0x0000000000113986                xsh_date
 .text          0x0000000000113c64       0xa9 binaries/xsh_devdump.o
                0x0000000000113c64                xsh_devdump
 .text          0x0000000000113d0d       0x72 binaries/xsh_echo.o
                0x0000000000113d0d                xsh_echo
 .text          0x0000000000113d7f        0xa binaries/xsh_exit.o
                0x0000000000113d7f                xsh_exit
 .text          0x0000000000113d89      0x37f binaries/xsh_help.o
                0x0000000000113d89                xsh_help
 .text          0x0000000000114108      0x230 binaries/xsh_kill.o
                0x0000000000114108                xsh_kill
 .text          0x0000000000114338      0x525 binaries/xsh_memdump.o
                0x0000000000114338                xsh_memdump
 .text          0x000000000011485d      0x29b binaries/xsh_memstat.o
                0x000000000011485d                xsh_memstat
 .text          0x0000000000114af8      0x4f9 binaries/xsh_netinfo.o
                0x0000000000114af8                xsh_netinfo
 .text          0x0000000000114ff1      0x462 binaries/xsh_ping.o
                0x0000000000114ff1                xsh_ping
 .text          0x0000000000115453      0x217 binaries/xsh_ps.o
                0x0000000000115453                xsh_ps
 .text          0x000000000011566a      0x20c binaries/xsh_sleep.o
                0x000000000011566a                xsh_sleep
 .text          0x0000000000115876      0x270 binaries/xsh_udpdump.o
                0x0000000000115876                xsh_udpdump
 .text          0x0000000000115ae6      0x48e binaries/xsh_udpecho.o
                0x0000000000115ae6                xsh_udpecho
 .text          0x0000000000115f74      0x296 binaries/xsh_udpserver.o
                0x0000000000115f74                xsh_udpeserver
 .text          0x000000000011620a      0x1e9 binaries/xsh_uptime.o
                0x000000000011620a                xsh_uptime
 .text          0x00000000001163f3        0xe binaries/clkdisp.o
                0x00000000001163f3                clkdisp
 .text          0x0000000000116401       0x19 binaries/ctxsw.o
                0x0000000000116401                ctxsw
 .text          0x000000000011641a      0x368 binaries/intr.o
                0x000000000011641a                disable
                0x0000000000116423                restore
                0x0000000000116431                enable
                0x0000000000116433                pause
                0x000000000011643a                halt
                0x000000000011643d                spurious_irq7
                0x0000000000116442                spurious_irq15
                0x0000000000116451                _Xint0
                0x000000000011645c                _Xint1
                0x0000000000116467                _Xint2
                0x0000000000116472                _Xint3
                0x000000000011647d                _Xint4
                0x0000000000116488                _Xint5
                0x0000000000116493                _Xint6
                0x000000000011649e                _Xint7
                0x00000000001164a9                _Xint8
                0x00000000001164b4                _Xint9
                0x00000000001164bf                _Xint10
                0x00000000001164ca                _Xint11
                0x00000000001164d8                _Xint12
                0x00000000001164e6                _Xint13
                0x00000000001164f4                _Xint14
                0x0000000000116502                _Xint15
                0x0000000000116510                _Xint16
                0x000000000011651e                _Xint17
                0x000000000011652c                _Xint18
                0x000000000011653a                _Xint19
                0x0000000000116548                _Xint20
                0x0000000000116556                _Xint21
                0x0000000000116564                _Xint22
                0x0000000000116572                _Xint23
                0x0000000000116580                _Xint24
                0x000000000011658e                _Xint25
                0x000000000011659c                _Xint26
                0x00000000001165aa                _Xint27
                0x00000000001165b8                _Xint28
                0x00000000001165c6                _Xint29
                0x00000000001165d4                _Xint30
                0x00000000001165e2                _Xint31
                0x00000000001165f0                _Xint32
                0x00000000001165fe                _Xint33
                0x000000000011660c                _Xint34
                0x000000000011661a                _Xint35
                0x0000000000116628                _Xint36
                0x0000000000116636                _Xint37
                0x0000000000116644                _Xint38
                0x0000000000116652                _Xint39
                0x0000000000116660                _Xint40
                0x000000000011666e                _Xint41
                0x000000000011667c                _Xint42
                0x000000000011668a                _Xint43
                0x0000000000116698                _Xint44
                0x00000000001166a6                _Xint45
                0x00000000001166b4                _Xint46
                0x00000000001166c2                defevec
 .text          0x0000000000116782        0xf binaries/ttydispatch.o
                0x0000000000116782                ttydispatch
 .text          0x0000000000116791       0x13 binaries/ethdispatch.o
                0x0000000000116791                ethdispatch
 *(.rodata .rodata.*)
 .rodata        0x00000000001167a4       0x8e binaries/ascdate.o
 .rodata        0x0000000000116832       0xae binaries/conf.o
 .rodata        0x00000000001168e0       0x83 binaries/early_imr.o
 *fill*         0x0000000000116963        0x1 
 .rodata        0x0000000000116964      0x231 binaries/evec.o
 *fill*         0x0000000000116b95        0x3 
 .rodata        0x0000000000116b98       0x61 binaries/getutime.o
 *fill*         0x0000000000116bf9        0x3 
 .rodata        0x0000000000116bfc      0x189 binaries/initialize.o
 *fill*         0x0000000000116d85        0x3 
 .rodata        0x0000000000116d88       0x20 binaries/kill.o
 .rodata        0x0000000000116da8       0x6a binaries/lab1app2a.o
 *fill*         0x0000000000116e12        0x2 
 .rodata        0x0000000000116e14       0x4c binaries/lab1app2b.o
 .rodata        0x0000000000116e60       0x31 binaries/lab1app.o
 .rodata        0x0000000000116e91       0x1c binaries/main.o
 *fill*         0x0000000000116ead        0x3 
 .rodata        0x0000000000116eb0       0x3e binaries/meminit.o
 .rodata        0x0000000000116eee        0xf binaries/panic.o
 .rodata        0x0000000000116efd       0x1d binaries/ptinit.o
 *fill*         0x0000000000116f1a        0x2 
 .rodata        0x0000000000116f1c       0x25 binaries/ptsend.o
 .rodata        0x0000000000116f41       0x22 binaries/quark_pdat.o
 .rodata        0x0000000000116f63        0x2 binaries/resched.o
 *fill*         0x0000000000116f65        0x3 
 .rodata        0x0000000000116f68       0x27 binaries/xdone.o
 *fill*         0x0000000000116f8f       0x11 
 .rodata        0x0000000000116fa0       0x81 binaries/ctype_.o
                0x0000000000116fa0                _ctype_
 *fill*         0x0000000000117021        0x3 
 .rodata        0x0000000000117024       0xee binaries/doprnt.o
 *fill*         0x0000000000117112        0x2 
 .rodata        0x0000000000117114       0x98 binaries/doscan.o
 .rodata        0x00000000001171ac       0xae binaries/fdoprnt.o
 *fill*         0x000000000011725a        0x2 
 .rodata        0x000000000011725c       0x20 binaries/ttycontrol.o
 .rodata        0x000000000011727c       0x34 binaries/ttyhandler.o
 .rodata        0x00000000001172b0       0x80 binaries/naminit.o
 .rodata        0x0000000000117330       0x46 binaries/ethinit.o
 *fill*         0x0000000000117376        0x2 
 .rodata        0x0000000000117378       0x2c binaries/rdsbufalloc.o
 .rodata        0x00000000001173a4       0x76 binaries/rdscomm.o
 *fill*         0x000000000011741a        0x2 
 .rodata        0x000000000011741c       0x48 binaries/rdscontrol.o
 .rodata        0x0000000000117464       0x96 binaries/rdsinit.o
 *fill*         0x00000000001174fa        0x2 
 .rodata        0x00000000001174fc       0x22 binaries/rdsopen.o
 *fill*         0x000000000011751e        0x2 
 .rodata        0x0000000000117520       0x4d binaries/rdsprocess.o
 .rodata        0x000000000011756d        0x9 binaries/raminit.o
 *fill*         0x0000000000117576        0x2 
 .rodata        0x0000000000117578       0x37 binaries/lfdballoc.o
 .rodata        0x00000000001175af       0x14 binaries/lfiballoc.o
 *fill*         0x00000000001175c3        0x1 
 .rodata        0x00000000001175c4       0x23 binaries/lflcontrol.o
 *fill*         0x00000000001175e7        0x1 
 .rodata        0x00000000001175e8      0x11b binaries/lfsckfmt.o
 *fill*         0x0000000000117703        0x1 
 .rodata        0x0000000000117704       0x2a binaries/lfsopen.o
 *fill*         0x000000000011772e        0x2 
 .rodata        0x0000000000117730       0x21 binaries/rflread.o
 *fill*         0x0000000000117751        0x3 
 .rodata        0x0000000000117754       0x21 binaries/rflwrite.o
 *fill*         0x0000000000117775        0x3 
 .rodata        0x0000000000117778       0x75 binaries/rfscomm.o
 *fill*         0x00000000001177ed        0x3 
 .rodata        0x00000000001177f0       0x3c binaries/rfscontrol.o
 .rodata        0x000000000011782c       0x63 binaries/rfsinit.o
 *fill*         0x000000000011788f        0x1 
 .rodata        0x0000000000117890       0x2a binaries/rfsndmsg.o
 *fill*         0x00000000001178ba        0x2 
 .rodata        0x00000000001178bc       0x22 binaries/rfsopen.o
 *fill*         0x00000000001178de        0x2 
 .rodata        0x00000000001178e0       0x3a binaries/arp.o
 *fill*         0x000000000011791a        0x2 
 .rodata        0x000000000011791c       0xcf binaries/dhcp.o
 .rodata        0x00000000001179eb       0x1a binaries/dns.o
 *fill*         0x0000000000117a05        0x3 
 .rodata        0x0000000000117a08       0xc9 binaries/hexdump.o
 *fill*         0x0000000000117ad1        0x3 
 .rodata        0x0000000000117ad4       0x29 binaries/icmp.o
 *fill*         0x0000000000117afd        0x3 
 .rodata        0x0000000000117b00       0x6e binaries/ip.o
 *fill*         0x0000000000117b6e        0x2 
 .rodata        0x0000000000117b70       0x4f binaries/net.o
 *fill*         0x0000000000117bbf        0x1 
 .rodata        0x0000000000117bc0      0x26f binaries/pdump.o
 *fill*         0x0000000000117e2f        0x1 
 .rodata        0x0000000000117e30      0x10c binaries/tftp.o
 *fill*         0x0000000000117f3c        0x4 
 .rodata        0x0000000000117f40      0x3c1 binaries/shell.o
                0x0000000000117fc0                cmdtab
 .rodata        0x0000000000118301       0x28 binaries/xsh_argecho.o
 *fill*         0x0000000000118329        0x3 
 .rodata        0x000000000011832c      0x123 binaries/xsh_arp.o
 *fill*         0x000000000011844f        0x1 
 .rodata        0x0000000000118450       0xc9 binaries/xsh_cat.o
 .rodata        0x0000000000118519       0x19 binaries/xsh_clear.o
 *fill*         0x0000000000118532        0x2 
 .rodata        0x0000000000118534      0x1c3 binaries/xsh_date.o
 .rodata        0x00000000001186f7       0x5d binaries/xsh_devdump.o
 .rodata        0x0000000000118754        0x9 binaries/xsh_echo.o
 *fill*         0x000000000011875d        0x3 
 .rodata        0x0000000000118760      0x169 binaries/xsh_help.o
 *fill*         0x00000000001188c9        0x3 
 .rodata        0x00000000001188cc      0x12e binaries/xsh_kill.o
 *fill*         0x00000000001189fa        0x2 
 .rodata        0x00000000001189fc      0x266 binaries/xsh_memdump.o
 *fill*         0x0000000000118c62        0x2 
 .rodata        0x0000000000118c64      0x225 binaries/xsh_memstat.o
 *fill*         0x0000000000118e89        0x3 
 .rodata        0x0000000000118e8c      0x1b0 binaries/xsh_netinfo.o
 .rodata        0x000000000011903c      0x1a1 binaries/xsh_ping.o
 *fill*         0x00000000001191dd        0x3 
 .rodata        0x00000000001191e0      0x1e0 binaries/xsh_ps.o
 .rodata        0x00000000001193c0       0xeb binaries/xsh_sleep.o
 *fill*         0x00000000001194ab        0x1 
 .rodata        0x00000000001194ac      0x1b8 binaries/xsh_udpdump.o
 .rodata        0x0000000000119664      0x215 binaries/xsh_udpecho.o
 *fill*         0x0000000000119879        0x3 
 .rodata        0x000000000011987c      0x12b binaries/xsh_udpserver.o
 *fill*         0x00000000001199a7        0x1 
 .rodata        0x00000000001199a8      0x105 binaries/xsh_uptime.o
                0x0000000000119aad                etext = ABSOLUTE (.)
                0x000000000011a000                . = ALIGN (0x1000)
 *fill*         0x0000000000119aad      0x553 

.eh_frame       0x000000000011a000     0x2c50
 .eh_frame      0x000000000011a000       0x38 binaries/ascdate.o
 .eh_frame      0x000000000011a038       0x20 binaries/bufinit.o
                                         0x38 (size before relaxing)
 .eh_frame      0x000000000011a058       0x20 binaries/chprio.o
                                         0x38 (size before relaxing)
 .eh_frame      0x000000000011a078       0x20 binaries/clkhandler.o
                                         0x38 (size before relaxing)
 .eh_frame      0x000000000011a098       0x20 binaries/clkinit.o
                                         0x38 (size before relaxing)
 .eh_frame      0x000000000011a0b8       0x20 binaries/close.o
                                         0x38 (size before relaxing)
 .eh_frame      0x000000000011a0d8       0x20 binaries/control.o
                                         0x38 (size before relaxing)
 .eh_frame      0x000000000011a0f8       0x40 binaries/create.o
                                         0x58 (size before relaxing)
 .eh_frame      0x000000000011a138      0x104 binaries/early_imr.o
                                        0x11c (size before relaxing)
 .eh_frame      0x000000000011a23c       0x80 binaries/evec.o
                                         0x98 (size before relaxing)
 .eh_frame      0x000000000011a2bc       0x20 binaries/exit.o
                                         0x38 (size before relaxing)
 .eh_frame      0x000000000011a2dc       0x20 binaries/freebuf.o
                                         0x38 (size before relaxing)
 .eh_frame      0x000000000011a2fc       0x20 binaries/freemem.o
                                         0x38 (size before relaxing)
 .eh_frame      0x000000000011a31c       0x20 binaries/getbuf.o
                                         0x38 (size before relaxing)
 .eh_frame      0x000000000011a33c       0x20 binaries/getc.o
                                         0x38 (size before relaxing)
 .eh_frame      0x000000000011a35c       0x20 binaries/getdev.o
                                         0x38 (size before relaxing)
 .eh_frame      0x000000000011a37c       0x60 binaries/getitem.o
                                         0x78 (size before relaxing)
 .eh_frame      0x000000000011a3dc       0x20 binaries/getmem.o
                                         0x38 (size before relaxing)
 .eh_frame      0x000000000011a3fc       0x20 binaries/getpid.o
                                         0x38 (size before relaxing)
 .eh_frame      0x000000000011a41c       0x20 binaries/getprio.o
                                         0x38 (size before relaxing)
 .eh_frame      0x000000000011a43c       0x20 binaries/getstk.o
                                         0x38 (size before relaxing)
 .eh_frame      0x000000000011a45c       0x20 binaries/getticks.o
                                         0x38 (size before relaxing)
 .eh_frame      0x000000000011a47c       0x20 binaries/gettime.o
                                         0x38 (size before relaxing)
 .eh_frame      0x000000000011a49c       0x20 binaries/getutime.o
                                         0x38 (size before relaxing)
 .eh_frame      0x000000000011a4bc       0x20 binaries/init.o
                                         0x38 (size before relaxing)
 .eh_frame      0x000000000011a4dc       0xa0 binaries/initialize.o
                                         0xb8 (size before relaxing)
 .eh_frame      0x000000000011a57c       0x20 binaries/insert.o
                                         0x38 (size before relaxing)
 .eh_frame      0x000000000011a59c       0x20 binaries/insertd.o
                                         0x38 (size before relaxing)
 .eh_frame      0x000000000011a5bc       0x20 binaries/insertp.o
                                         0x38 (size before relaxing)
 .eh_frame      0x000000000011a5dc       0x20 binaries/ioerr.o
                                         0x38 (size before relaxing)
 .eh_frame      0x000000000011a5fc       0x20 binaries/ionull.o
                                         0x38 (size before relaxing)
 .eh_frame      0x000000000011a61c       0x20 binaries/kill.o
                                         0x38 (size before relaxing)
 .eh_frame      0x000000000011a63c       0x60 binaries/kprintf.o
                                         0x78 (size before relaxing)
 .eh_frame      0x000000000011a69c       0x20 binaries/lab1app2a.o
                                         0x38 (size before relaxing)
 .eh_frame      0x000000000011a6bc       0x20 binaries/lab1app2b.o
                                         0x38 (size before relaxing)
 .eh_frame      0x000000000011a6dc       0x1c binaries/lab1app.o
                                         0x34 (size before relaxing)
 .eh_frame      0x000000000011a6f8       0x6c binaries/main.o
                                         0x84 (size before relaxing)
 .eh_frame      0x000000000011a764       0x40 binaries/mark.o
                                         0x58 (size before relaxing)
 .eh_frame      0x000000000011a7a4       0x44 binaries/meminit.o
                                         0x5c (size before relaxing)
 .eh_frame      0x000000000011a7e8       0x20 binaries/mkbufpool.o
                                         0x38 (size before relaxing)
 .eh_frame      0x000000000011a808       0x20 binaries/newqueue.o
                                         0x38 (size before relaxing)
 .eh_frame      0x000000000011a828       0x20 binaries/open.o
                                         0x38 (size before relaxing)
 .eh_frame      0x000000000011a848       0x1c binaries/panic.o
                                         0x34 (size before relaxing)
 .eh_frame      0x000000000011a864      0x1c0 binaries/pci.o
                                        0x1d8 (size before relaxing)
 .eh_frame      0x000000000011aa24       0x60 binaries/platinit.o
                                         0x78 (size before relaxing)
 .eh_frame      0x000000000011aa84       0x20 binaries/ptclear.o
                                         0x38 (size before relaxing)
 .eh_frame      0x000000000011aaa4       0x20 binaries/ptcount.o
                                         0x38 (size before relaxing)
 .eh_frame      0x000000000011aac4       0x20 binaries/ptcreate.o
                                         0x38 (size before relaxing)
 .eh_frame      0x000000000011aae4       0x20 binaries/ptdelete.o
                                         0x38 (size before relaxing)
 .eh_frame      0x000000000011ab04       0x20 binaries/ptinit.o
                                         0x38 (size before relaxing)
 .eh_frame      0x000000000011ab24       0x20 binaries/ptrecv.o
                                         0x38 (size before relaxing)
 .eh_frame      0x000000000011ab44       0x20 binaries/ptreset.o
                                         0x38 (size before relaxing)
 .eh_frame      0x000000000011ab64       0x20 binaries/ptsend.o
                                         0x38 (size before relaxing)
 .eh_frame      0x000000000011ab84       0x20 binaries/putc.o
                                         0x38 (size before relaxing)
 .eh_frame      0x000000000011aba4       0x20 binaries/quark_irq.o
                                         0x38 (size before relaxing)
 .eh_frame      0x000000000011abc4       0x40 binaries/quark_pdat.o
                                         0x58 (size before relaxing)
 .eh_frame      0x000000000011ac04       0x40 binaries/queue.o
                                         0x58 (size before relaxing)
 .eh_frame      0x000000000011ac44       0x20 binaries/read.o
                                         0x38 (size before relaxing)
 .eh_frame      0x000000000011ac64       0x24 binaries/ready.o
                                         0x3c (size before relaxing)
 .eh_frame      0x000000000011ac88       0x20 binaries/receive.o
                                         0x38 (size before relaxing)
 .eh_frame      0x000000000011aca8       0x20 binaries/recvclr.o
                                         0x38 (size before relaxing)
 .eh_frame      0x000000000011acc8       0x20 binaries/recvtime.o
                                         0x38 (size before relaxing)
 .eh_frame      0x000000000011ace8       0x40 binaries/resched.o
                                         0x58 (size before relaxing)
 .eh_frame      0x000000000011ad28       0x20 binaries/resume.o
                                         0x38 (size before relaxing)
 .eh_frame      0x000000000011ad48       0x20 binaries/seek.o
                                         0x38 (size before relaxing)
 .eh_frame      0x000000000011ad68       0x20 binaries/semcount.o
                                         0x38 (size before relaxing)
 .eh_frame      0x000000000011ad88       0x40 binaries/semcreate.o
                                         0x58 (size before relaxing)
 .eh_frame      0x000000000011adc8       0x20 binaries/semdelete.o
                                         0x38 (size before relaxing)
 .eh_frame      0x000000000011ade8       0x20 binaries/semreset.o
                                         0x38 (size before relaxing)
 .eh_frame      0x000000000011ae08       0x20 binaries/send.o
                                         0x38 (size before relaxing)
 .eh_frame      0x000000000011ae28       0x20 binaries/signal.o
                                         0x38 (size before relaxing)
 .eh_frame      0x000000000011ae48       0x20 binaries/signaln.o
                                         0x38 (size before relaxing)
 .eh_frame      0x000000000011ae68       0x40 binaries/sleep.o
                                         0x58 (size before relaxing)
 .eh_frame      0x000000000011aea8       0x20 binaries/stacktrace.o
                                         0x38 (size before relaxing)
 .eh_frame      0x000000000011aec8       0x20 binaries/suspend.o
                                         0x38 (size before relaxing)
 .eh_frame      0x000000000011aee8       0x20 binaries/unsleep.o
                                         0x38 (size before relaxing)
 .eh_frame      0x000000000011af08       0x20 binaries/userret.o
                                         0x38 (size before relaxing)
 .eh_frame      0x000000000011af28       0x20 binaries/wait.o
                                         0x38 (size before relaxing)
 .eh_frame      0x000000000011af48       0x20 binaries/wakeup.o
                                         0x38 (size before relaxing)
 .eh_frame      0x000000000011af68       0x20 binaries/write.o
                                         0x38 (size before relaxing)
 .eh_frame      0x000000000011af88       0x20 binaries/xdone.o
                                         0x38 (size before relaxing)
 .eh_frame      0x000000000011afa8       0x20 binaries/yield.o
                                         0x38 (size before relaxing)
 .eh_frame      0x000000000011afc8       0x20 binaries/abs.o
                                         0x38 (size before relaxing)
 .eh_frame      0x000000000011afe8       0x20 binaries/atoi.o
                                         0x38 (size before relaxing)
 .eh_frame      0x000000000011b008       0x20 binaries/atol.o
                                         0x38 (size before relaxing)
 .eh_frame      0x000000000011b028       0x20 binaries/bzero.o
                                         0x38 (size before relaxing)
 .eh_frame      0x000000000011b048       0xe0 binaries/doprnt.o
                                         0xf8 (size before relaxing)
 .eh_frame      0x000000000011b128       0xac binaries/doscan.o
                                         0xc4 (size before relaxing)
 .eh_frame      0x000000000011b1d4       0xc0 binaries/fdoprnt.o
                                         0xd8 (size before relaxing)
 .eh_frame      0x000000000011b294       0x20 binaries/fgetc.o
                                         0x38 (size before relaxing)
 .eh_frame      0x000000000011b2b4       0x20 binaries/fgets.o
                                         0x38 (size before relaxing)
 .eh_frame      0x000000000011b2d4       0x20 binaries/fprintf.o
                                         0x38 (size before relaxing)
 .eh_frame      0x000000000011b2f4       0x20 binaries/fputc.o
                                         0x38 (size before relaxing)
 .eh_frame      0x000000000011b314       0x20 binaries/fputs.o
                                         0x38 (size before relaxing)
 .eh_frame      0x000000000011b334       0x60 binaries/fscanf.o
                                         0x78 (size before relaxing)
 .eh_frame      0x000000000011b394       0x20 binaries/getchar.o
                                         0x38 (size before relaxing)
 .eh_frame      0x000000000011b3b4       0x20 binaries/labs.o
                                         0x38 (size before relaxing)
 .eh_frame      0x000000000011b3d4       0x20 binaries/memcmp.o
                                         0x38 (size before relaxing)
 .eh_frame      0x000000000011b3f4       0x24 binaries/memcpy.o
                                         0x3c (size before relaxing)
 .eh_frame      0x000000000011b418       0x24 binaries/memset.o
                                         0x3c (size before relaxing)
 .eh_frame      0x000000000011b43c       0x20 binaries/printf.o
                                         0x38 (size before relaxing)
 .eh_frame      0x000000000011b45c       0x20 binaries/putchar.o
                                         0x38 (size before relaxing)
 .eh_frame      0x000000000011b47c       0xa4 binaries/qsort.o
                                         0xbc (size before relaxing)
 .eh_frame      0x000000000011b520       0x60 binaries/rand.o
                                         0x78 (size before relaxing)
 .eh_frame      0x000000000011b580       0x40 binaries/sprintf.o
                                         0x58 (size before relaxing)
 .eh_frame      0x000000000011b5c0       0x60 binaries/sscanf.o
                                         0x78 (size before relaxing)
 .eh_frame      0x000000000011b620       0x20 binaries/strchr.o
                                         0x38 (size before relaxing)
 .eh_frame      0x000000000011b640       0x20 binaries/strcmp.o
                                         0x38 (size before relaxing)
 .eh_frame      0x000000000011b660       0x20 binaries/strcpy.o
                                         0x38 (size before relaxing)
 .eh_frame      0x000000000011b680       0x20 binaries/strlen.o
                                         0x38 (size before relaxing)
 .eh_frame      0x000000000011b6a0       0x20 binaries/strncat.o
                                         0x38 (size before relaxing)
 .eh_frame      0x000000000011b6c0       0x20 binaries/strncmp.o
                                         0x38 (size before relaxing)
 .eh_frame      0x000000000011b6e0       0x28 binaries/strncpy.o
                                         0x40 (size before relaxing)
 .eh_frame      0x000000000011b708       0x20 binaries/strnlen.o
                                         0x38 (size before relaxing)
 .eh_frame      0x000000000011b728       0x20 binaries/strrchr.o
                                         0x38 (size before relaxing)
 .eh_frame      0x000000000011b748       0x20 binaries/strstr.o
                                         0x38 (size before relaxing)
 .eh_frame      0x000000000011b768       0x20 binaries/ttycontrol.o
                                         0x38 (size before relaxing)
 .eh_frame      0x000000000011b788       0x20 binaries/ttygetc.o
                                         0x38 (size before relaxing)
 .eh_frame      0x000000000011b7a8       0x80 binaries/ttyhandle_in.o
                                         0x98 (size before relaxing)
 .eh_frame      0x000000000011b828       0x20 binaries/ttyhandle_out.o
                                         0x38 (size before relaxing)
 .eh_frame      0x000000000011b848       0x20 binaries/ttyhandler.o
                                         0x38 (size before relaxing)
 .eh_frame      0x000000000011b868       0x20 binaries/ttyinit.o
                                         0x38 (size before relaxing)
 .eh_frame      0x000000000011b888       0x20 binaries/ttykickout.o
                                         0x38 (size before relaxing)
 .eh_frame      0x000000000011b8a8       0x20 binaries/ttyputc.o
                                         0x38 (size before relaxing)
 .eh_frame      0x000000000011b8c8       0x24 binaries/ttyread.o
                                         0x3c (size before relaxing)
 .eh_frame      0x000000000011b8ec       0x20 binaries/ttywrite.o
                                         0x38 (size before relaxing)
 .eh_frame      0x000000000011b90c       0x40 binaries/mount.o
                                         0x58 (size before relaxing)
 .eh_frame      0x000000000011b94c       0x20 binaries/naminit.o
                                         0x38 (size before relaxing)
 .eh_frame      0x000000000011b96c       0x60 binaries/nammap.o
                                         0x78 (size before relaxing)
 .eh_frame      0x000000000011b9cc       0x20 binaries/namopen.o
                                         0x38 (size before relaxing)
 .eh_frame      0x000000000011b9ec       0x20 binaries/ethcontrol.o
                                         0x38 (size before relaxing)
 .eh_frame      0x000000000011ba0c       0x20 binaries/ethhandler.o
                                         0x38 (size before relaxing)
 .eh_frame      0x000000000011ba2c       0x9c binaries/ethinit.o
                                         0xb4 (size before relaxing)
 .eh_frame      0x000000000011bac8       0x40 binaries/ethmcast.o
                                         0x58 (size before relaxing)
 .eh_frame      0x000000000011bb08       0x20 binaries/ethread.o
                                         0x38 (size before relaxing)
 .eh_frame      0x000000000011bb28       0x20 binaries/ethwrite.o
                                         0x38 (size before relaxing)
 .eh_frame      0x000000000011bb48       0x20 binaries/rdsbufalloc.o
                                         0x38 (size before relaxing)
 .eh_frame      0x000000000011bb68       0x20 binaries/rdsclose.o
                                         0x38 (size before relaxing)
 .eh_frame      0x000000000011bb88       0x20 binaries/rdscomm.o
                                         0x38 (size before relaxing)
 .eh_frame      0x000000000011bba8       0x20 binaries/rdscontrol.o
                                         0x38 (size before relaxing)
 .eh_frame      0x000000000011bbc8       0x20 binaries/rdsinit.o
                                         0x38 (size before relaxing)
 .eh_frame      0x000000000011bbe8       0x20 binaries/rdsopen.o
                                         0x38 (size before relaxing)
 .eh_frame      0x000000000011bc08       0x1c binaries/rdsprocess.o
                                         0x34 (size before relaxing)
 .eh_frame      0x000000000011bc24       0x20 binaries/rdsread.o
                                         0x38 (size before relaxing)
 .eh_frame      0x000000000011bc44       0x20 binaries/rdswrite.o
                                         0x38 (size before relaxing)
 .eh_frame      0x000000000011bc64       0x20 binaries/ramclose.o
                                         0x38 (size before relaxing)
 .eh_frame      0x000000000011bc84       0x20 binaries/raminit.o
                                         0x38 (size before relaxing)
 .eh_frame      0x000000000011bca4       0x20 binaries/ramopen.o
                                         0x38 (size before relaxing)
 .eh_frame      0x000000000011bcc4       0x20 binaries/ramread.o
                                         0x38 (size before relaxing)
 .eh_frame      0x000000000011bce4       0x20 binaries/ramwrite.o
                                         0x38 (size before relaxing)
 .eh_frame      0x000000000011bd04       0x20 binaries/lfdballoc.o
                                         0x38 (size before relaxing)
 .eh_frame      0x000000000011bd24       0x20 binaries/lfdbfree.o
                                         0x38 (size before relaxing)
 .eh_frame      0x000000000011bd44       0x20 binaries/lfflush.o
                                         0x38 (size before relaxing)
 .eh_frame      0x000000000011bd64       0x20 binaries/lfgetmode.o
                                         0x38 (size before relaxing)
 .eh_frame      0x000000000011bd84       0x20 binaries/lfiballoc.o
                                         0x38 (size before relaxing)
 .eh_frame      0x000000000011bda4       0x20 binaries/lfibclear.o
                                         0x38 (size before relaxing)
 .eh_frame      0x000000000011bdc4       0x20 binaries/lfibget.o
                                         0x38 (size before relaxing)
 .eh_frame      0x000000000011bde4       0x20 binaries/lfibput.o
                                         0x38 (size before relaxing)
 .eh_frame      0x000000000011be04       0x20 binaries/lflclose.o
                                         0x38 (size before relaxing)
 .eh_frame      0x000000000011be24       0x20 binaries/lflcontrol.o
                                         0x38 (size before relaxing)
 .eh_frame      0x000000000011be44       0x20 binaries/lflgetc.o
                                         0x38 (size before relaxing)
 .eh_frame      0x000000000011be64       0x20 binaries/lflinit.o
                                         0x38 (size before relaxing)
 .eh_frame      0x000000000011be84       0x20 binaries/lflputc.o
                                         0x38 (size before relaxing)
 .eh_frame      0x000000000011bea4       0x20 binaries/lflread.o
                                         0x38 (size before relaxing)
 .eh_frame      0x000000000011bec4       0x20 binaries/lflseek.o
                                         0x38 (size before relaxing)
 .eh_frame      0x000000000011bee4       0x20 binaries/lflwrite.o
                                         0x38 (size before relaxing)
 .eh_frame      0x000000000011bf04       0x20 binaries/lfscheck.o
                                         0x38 (size before relaxing)
 .eh_frame      0x000000000011bf24       0x20 binaries/lfsckfmt.o
                                         0x38 (size before relaxing)
 .eh_frame      0x000000000011bf44       0x20 binaries/lfscreate.o
                                         0x38 (size before relaxing)
 .eh_frame      0x000000000011bf64       0x20 binaries/lfsetup.o
                                         0x38 (size before relaxing)
 .eh_frame      0x000000000011bf84       0x20 binaries/lfsinit.o
                                         0x38 (size before relaxing)
 .eh_frame      0x000000000011bfa4       0x20 binaries/lfsopen.o
                                         0x38 (size before relaxing)
 .eh_frame      0x000000000011bfc4       0x20 binaries/lftruncate.o
                                         0x38 (size before relaxing)
 .eh_frame      0x000000000011bfe4       0x20 binaries/rflclose.o
                                         0x38 (size before relaxing)
 .eh_frame      0x000000000011c004       0x20 binaries/rflgetc.o
                                         0x38 (size before relaxing)
 .eh_frame      0x000000000011c024       0x20 binaries/rflinit.o
                                         0x38 (size before relaxing)
 .eh_frame      0x000000000011c044       0x20 binaries/rflputc.o
                                         0x38 (size before relaxing)
 .eh_frame      0x000000000011c064       0x20 binaries/rflread.o
                                         0x38 (size before relaxing)
 .eh_frame      0x000000000011c084       0x20 binaries/rflseek.o
                                         0x38 (size before relaxing)
 .eh_frame      0x000000000011c0a4       0x20 binaries/rflwrite.o
                                         0x38 (size before relaxing)
 .eh_frame      0x000000000011c0c4       0x20 binaries/rfscomm.o
                                         0x38 (size before relaxing)
 .eh_frame      0x000000000011c0e4       0x20 binaries/rfscontrol.o
                                         0x38 (size before relaxing)
 .eh_frame      0x000000000011c104       0x20 binaries/rfsgetmode.o
                                         0x38 (size before relaxing)
 .eh_frame      0x000000000011c124       0x20 binaries/rfsinit.o
                                         0x38 (size before relaxing)
 .eh_frame      0x000000000011c144       0x20 binaries/rfsndmsg.o
                                         0x38 (size before relaxing)
 .eh_frame      0x000000000011c164       0x20 binaries/rfsopen.o
                                         0x38 (size before relaxing)
 .eh_frame      0x000000000011c184       0xc0 binaries/arp.o
                                         0xd8 (size before relaxing)
 .eh_frame      0x000000000011c244       0xa0 binaries/dhcp.o
                                         0xb8 (size before relaxing)
 .eh_frame      0x000000000011c2e4       0x80 binaries/dns.o
                                         0x98 (size before relaxing)
 .eh_frame      0x000000000011c364       0x20 binaries/dot2ip.o
                                         0x38 (size before relaxing)
 .eh_frame      0x000000000011c384       0x40 binaries/hexdump.o
                                         0x58 (size before relaxing)
 .eh_frame      0x000000000011c3c4      0x14c binaries/icmp.o
                                        0x164 (size before relaxing)
 .eh_frame      0x000000000011c510      0x11c binaries/ip.o
                                        0x134 (size before relaxing)
 .eh_frame      0x000000000011c62c       0xa0 binaries/net.o
                                         0xb8 (size before relaxing)
 .eh_frame      0x000000000011c6cc       0x60 binaries/pdump.o
                                         0x78 (size before relaxing)
 .eh_frame      0x000000000011c72c       0x4c binaries/tftp.o
                                         0x64 (size before relaxing)
 .eh_frame      0x000000000011c778      0x140 binaries/udp.o
                                        0x158 (size before relaxing)
 .eh_frame      0x000000000011c8b8       0x20 binaries/addargs.o
                                         0x38 (size before relaxing)
 .eh_frame      0x000000000011c8d8       0x20 binaries/lexan.o
                                         0x38 (size before relaxing)
 .eh_frame      0x000000000011c8f8       0x20 binaries/shell.o
                                         0x38 (size before relaxing)
 .eh_frame      0x000000000011c918       0x20 binaries/xsh_argecho.o
                                         0x38 (size before relaxing)
 .eh_frame      0x000000000011c938       0x40 binaries/xsh_arp.o
                                         0x58 (size before relaxing)
 .eh_frame      0x000000000011c978       0x20 binaries/xsh_cat.o
                                         0x38 (size before relaxing)
 .eh_frame      0x000000000011c998       0x20 binaries/xsh_clear.o
                                         0x38 (size before relaxing)
 .eh_frame      0x000000000011c9b8       0x20 binaries/xsh_date.o
                                         0x38 (size before relaxing)
 .eh_frame      0x000000000011c9d8       0x20 binaries/xsh_devdump.o
                                         0x38 (size before relaxing)
 .eh_frame      0x000000000011c9f8       0x20 binaries/xsh_echo.o
                                         0x38 (size before relaxing)
 .eh_frame      0x000000000011ca18       0x20 binaries/xsh_exit.o
                                         0x38 (size before relaxing)
 .eh_frame      0x000000000011ca38       0x20 binaries/xsh_help.o
                                         0x38 (size before relaxing)
 .eh_frame      0x000000000011ca58       0x20 binaries/xsh_kill.o
                                         0x38 (size before relaxing)
 .eh_frame      0x000000000011ca78       0x40 binaries/xsh_memdump.o
                                         0x58 (size before relaxing)
 .eh_frame      0x000000000011cab8       0x60 binaries/xsh_memstat.o
                                         0x78 (size before relaxing)
 .eh_frame      0x000000000011cb18       0x30 binaries/xsh_netinfo.o
                                         0x48 (size before relaxing)
 .eh_frame      0x000000000011cb48       0x24 binaries/xsh_ping.o
                                         0x3c (size before relaxing)
 .eh_frame      0x000000000011cb6c       0x30 binaries/xsh_ps.o
                                         0x48 (size before relaxing)
 .eh_frame      0x000000000011cb9c       0x20 binaries/xsh_sleep.o
                                         0x38 (size before relaxing)
 .eh_frame      0x000000000011cbbc       0x20 binaries/xsh_udpdump.o
                                         0x38 (size before relaxing)
 .eh_frame      0x000000000011cbdc       0x30 binaries/xsh_udpecho.o
                                         0x48 (size before relaxing)
 .eh_frame      0x000000000011cc0c       0x24 binaries/xsh_udpserver.o
                                         0x3c (size before relaxing)
 .eh_frame      0x000000000011cc30       0x20 binaries/xsh_uptime.o
                                         0x38 (size before relaxing)

.iplt           0x000000000011cc50        0x0
 .iplt          0x000000000011cc50        0x0 binaries/start.o

.rel.dyn        0x000000000011cc50        0x0
 .rel.iplt      0x000000000011cc50        0x0 binaries/start.o
 .rel.text      0x000000000011cc50        0x0 binaries/start.o
 .rel.data      0x000000000011cc50        0x0 binaries/start.o
 .rel.rodata    0x000000000011cc50        0x0 binaries/start.o

.data           0x000000000011cc60     0x13a0
                0x000000000011cc60                data = ABSOLUTE (.)
 *(.data .data.*)
 .data          0x000000000011cc60      0x83a binaries/start.o
                0x000000000011cc60                gdt
                0x000000000011cc90                idt
                0x000000000011d496                cpudelay
 *fill*         0x000000000011d49a        0x6 
 .data          0x000000000011d4a0       0x88 binaries/ascdate.o
                0x000000000011d4a0                Date
 .data          0x000000000011d528        0x0 binaries/bufinit.o
 .data          0x000000000011d528        0x0 binaries/chprio.o
 .data          0x000000000011d528        0x4 binaries/clkhandler.o
 .data          0x000000000011d52c        0x0 binaries/clkinit.o
 .data          0x000000000011d52c        0x0 binaries/close.o
 *fill*         0x000000000011d52c       0x14 
 .data          0x000000000011d540      0x5a0 binaries/conf.o
                0x000000000011d540                devtab
 .data          0x000000000011dae0        0x0 binaries/control.o
 .data          0x000000000011dae0        0x4 binaries/create.o
 .data          0x000000000011dae4        0x0 binaries/early_imr.o
 *fill*         0x000000000011dae4       0x1c 
 .data          0x000000000011db00       0x40 binaries/evec.o
                0x000000000011db00                inames
 .data          0x000000000011db40        0x0 binaries/exit.o
 .data          0x000000000011db40        0x0 binaries/freebuf.o
 .data          0x000000000011db40        0x0 binaries/freemem.o
 .data          0x000000000011db40        0x0 binaries/getbuf.o
 .data          0x000000000011db40        0x0 binaries/getc.o
 .data          0x000000000011db40        0x0 binaries/getdev.o
 .data          0x000000000011db40        0x0 binaries/getitem.o
 .data          0x000000000011db40        0x0 binaries/getmem.o
 .data          0x000000000011db40        0x0 binaries/getpid.o
 .data          0x000000000011db40        0x0 binaries/getprio.o
 .data          0x000000000011db40        0x0 binaries/getstk.o
 .data          0x000000000011db40        0x0 binaries/getticks.o
 .data          0x000000000011db40        0x0 binaries/gettime.o
 .data          0x000000000011db40        0x0 binaries/getutime.o
 .data          0x000000000011db40        0x0 binaries/init.o
 .data          0x000000000011db40        0x0 binaries/initialize.o
 .data          0x000000000011db40        0x0 binaries/insert.o
 .data          0x000000000011db40        0x0 binaries/insertd.o
 .data          0x000000000011db40        0x0 binaries/insertp.o
 .data          0x000000000011db40        0x0 binaries/ioerr.o
 .data          0x000000000011db40        0x0 binaries/ionull.o
 .data          0x000000000011db40        0x0 binaries/kill.o
 .data          0x000000000011db40        0x0 binaries/kprintf.o
 .data          0x000000000011db40        0x0 binaries/lab1app2a.o
 .data          0x000000000011db40        0x0 binaries/lab1app2b.o
[...]
 .comment       0x0000000000000034       0x35 binaries/udp.o
 .comment       0x0000000000000034       0x35 binaries/addargs.o
 .comment       0x0000000000000034       0x35 binaries/lexan.o
 .comment       0x0000000000000034       0x35 binaries/shell.o
 .comment       0x0000000000000034       0x35 binaries/xsh_argecho.o
 .comment       0x0000000000000034       0x35 binaries/xsh_arp.o
 .comment       0x0000000000000034       0x35 binaries/xsh_cat.o
 .comment       0x0000000000000034       0x35 binaries/xsh_clear.o
 .comment       0x0000000000000034       0x35 binaries/xsh_date.o
 .comment       0x0000000000000034       0x35 binaries/xsh_devdump.o
 .comment       0x0000000000000034       0x35 binaries/xsh_echo.o
 .comment       0x0000000000000034       0x35 binaries/xsh_exit.o
 .comment       0x0000000000000034       0x35 binaries/xsh_help.o
 .comment       0x0000000000000034       0x35 binaries/xsh_kill.o
 .comment       0x0000000000000034       0x35 binaries/xsh_memdump.o
 .comment       0x0000000000000034       0x35 binaries/xsh_memstat.o
 .comment       0x0000000000000034       0x35 binaries/xsh_netinfo.o
 .comment       0x0000000000000034       0x35 binaries/xsh_ping.o
 .comment       0x0000000000000034       0x35 binaries/xsh_ps.o
 .comment       0x0000000000000034       0x35 binaries/xsh_sleep.o
 .comment       0x0000000000000034       0x35 binaries/xsh_udpdump.o
 .comment       0x0000000000000034       0x35 binaries/xsh_udpecho.o
 .comment       0x0000000000000034       0x35 binaries/xsh_udpserver.o
 .comment       0x0000000000000034       0x35 binaries/xsh_uptime.o

.note.GNU-stack
                0x0000000000000000        0x0
 .note.GNU-stack
                0x0000000000000000        0x0 binaries/ascdate.o
 .note.GNU-stack
                0x0000000000000000        0x0 binaries/bufinit.o
 .note.GNU-stack
                0x0000000000000000        0x0 binaries/chprio.o
 .note.GNU-stack
                0x0000000000000000        0x0 binaries/clkhandler.o
 .note.GNU-stack
                0x0000000000000000        0x0 binaries/clkinit.o
 .note.GNU-stack
                0x0000000000000000        0x0 binaries/close.o
 .note.GNU-stack
                0x0000000000000000        0x0 binaries/conf.o
 .note.GNU-stack
                0x0000000000000000        0x0 binaries/control.o
 .note.GNU-stack
                0x0000000000000000        0x0 binaries/create.o
 .note.GNU-stack
                0x0000000000000000        0x0 binaries/early_imr.o
 .note.GNU-stack
                0x0000000000000000        0x0 binaries/evec.o
 .note.GNU-stack
                0x0000000000000000        0x0 binaries/exit.o
 .note.GNU-stack
                0x0000000000000000        0x0 binaries/freebuf.o
 .note.GNU-stack
                0x0000000000000000        0x0 binaries/freemem.o
 .note.GNU-stack
                0x0000000000000000        0x0 binaries/getbuf.o
 .note.GNU-stack
                0x0000000000000000        0x0 binaries/getc.o
 .note.GNU-stack
                0x0000000000000000        0x0 binaries/getdev.o
 .note.GNU-stack
                0x0000000000000000        0x0 binaries/getitem.o
 .note.GNU-stack
                0x0000000000000000        0x0 binaries/getmem.o
 .note.GNU-stack
                0x0000000000000000        0x0 binaries/getpid.o
 .note.GNU-stack
                0x0000000000000000        0x0 binaries/getprio.o
 .note.GNU-stack
                0x0000000000000000        0x0 binaries/getstk.o
 .note.GNU-stack
                0x0000000000000000        0x0 binaries/getticks.o
 .note.GNU-stack
                0x0000000000000000        0x0 binaries/gettime.o
 .note.GNU-stack
                0x0000000000000000        0x0 binaries/getutime.o
 .note.GNU-stack
                0x0000000000000000        0x0 binaries/init.o
 .note.GNU-stack
                0x0000000000000000        0x0 binaries/initialize.o
 .note.GNU-stack
                0x0000000000000000        0x0 binaries/insert.o
 .note.GNU-stack
                0x0000000000000000        0x0 binaries/insertd.o
 .note.GNU-stack
                0x0000000000000000        0x0 binaries/insertp.o
 .note.GNU-stack
                0x0000000000000000        0x0 binaries/ioerr.o
 .note.GNU-stack
                0x0000000000000000        0x0 binaries/ionull.o
 .note.GNU-stack
                0x0000000000000000        0x0 binaries/kill.o
 .note.GNU-stack
                0x0000000000000000        0x0 binaries/kprintf.o
 .note.GNU-stack
                0x0000000000000000        0x0 binaries/lab1app2a.o
 .note.GNU-stack
                0x0000000000000000        0x0 binaries/lab1app2b.o
 .note.GNU-stack
                0x0000000000000000        0x0 binaries/lab1app.o
 .note.GNU-stack
                0x0000000000000000        0x0 binaries/main.o
 .note.GNU-stack
                0x0000000000000000        0x0 binaries/mark.o
 .note.GNU-stack
                0x0000000000000000        0x0 binaries/meminit.o
 .note.GNU-stack
                0x0000000000000000        0x0 binaries/mkbufpool.o
 .note.GNU-stack
                0x0000000000000000        0x0 binaries/newqueue.o
 .note.GNU-stack
                0x0000000000000000        0x0 binaries/open.o
 .note.GNU-stack
                0x0000000000000000        0x0 binaries/panic.o
 .note.GNU-stack
                0x0000000000000000        0x0 binaries/pci.o
 .note.GNU-stack
                0x0000000000000000        0x0 binaries/platinit.o
 .note.GNU-stack
                0x0000000000000000        0x0 binaries/ptclear.o
 .note.GNU-stack
                0x0000000000000000        0x0 binaries/ptcount.o
 .note.GNU-stack
                0x0000000000000000        0x0 binaries/ptcreate.o
 .note.GNU-stack
                0x0000000000000000        0x0 binaries/ptdelete.o
 .note.GNU-stack
                0x0000000000000000        0x0 binaries/ptinit.o
 .note.GNU-stack
                0x0000000000000000        0x0 binaries/ptrecv.o
 .note.GNU-stack
                0x0000000000000000        0x0 binaries/ptreset.o
 .note.GNU-stack
                0x0000000000000000        0x0 binaries/ptsend.o
 .note.GNU-stack
                0x0000000000000000        0x0 binaries/putc.o
 .note.GNU-stack
                0x0000000000000000        0x0 binaries/quark_irq.o
 .note.GNU-stack
                0x0000000000000000        0x0 binaries/quark_pdat.o
 .note.GNU-stack
                0x0000000000000000        0x0 binaries/queue.o
 .note.GNU-stack
                0x0000000000000000        0x0 binaries/read.o
 .note.GNU-stack
                0x0000000000000000        0x0 binaries/ready.o
 .note.GNU-stack
                0x0000000000000000        0x0 binaries/receive.o
 .note.GNU-stack
                0x0000000000000000        0x0 binaries/recvclr.o
 .note.GNU-stack
                0x0000000000000000        0x0 binaries/recvtime.o
 .note.GNU-stack
                0x0000000000000000        0x0 binaries/resched.o
 .note.GNU-stack
                0x0000000000000000        0x0 binaries/resume.o
 .note.GNU-stack
                0x0000000000000000        0x0 binaries/seek.o
 .note.GNU-stack
                0x0000000000000000        0x0 binaries/semcount.o
 .note.GNU-stack
                0x0000000000000000        0x0 binaries/semcreate.o
 .note.GNU-stack
                0x0000000000000000        0x0 binaries/semdelete.o
 .note.GNU-stack
                0x0000000000000000        0x0 binaries/semreset.o
 .note.GNU-stack
                0x0000000000000000        0x0 binaries/send.o
 .note.GNU-stack
                0x0000000000000000        0x0 binaries/signal.o
 .note.GNU-stack
                0x0000000000000000        0x0 binaries/signaln.o
 .note.GNU-stack
                0x0000000000000000        0x0 binaries/sleep.o
 .note.GNU-stack
                0x0000000000000000        0x0 binaries/stacktrace.o
 .note.GNU-stack
                0x0000000000000000        0x0 binaries/suspend.o
 .note.GNU-stack
                0x0000000000000000        0x0 binaries/unsleep.o
 .note.GNU-stack
                0x0000000000000000        0x0 binaries/userret.o
 .note.GNU-stack
                0x0000000000000000        0x0 binaries/wait.o
 .note.GNU-stack
                0x0000000000000000        0x0 binaries/wakeup.o
 .note.GNU-stack
                0x0000000000000000        0x0 binaries/write.o
 .note.GNU-stack
                0x0000000000000000        0x0 binaries/xdone.o
 .note.GNU-stack
                0x0000000000000000        0x0 binaries/yield.o
 .note.GNU-stack
                0x0000000000000000        0x0 binaries/abs.o
 .note.GNU-stack
                0x0000000000000000        0x0 binaries/atoi.o
 .note.GNU-stack
                0x0000000000000000        0x0 binaries/atol.o
 .note.GNU-stack
                0x0000000000000000        0x0 binaries/bzero.o
 .note.GNU-stack
                0x0000000000000000        0x0 binaries/ctype_.o
 .note.GNU-stack
                0x0000000000000000        0x0 binaries/doprnt.o
 .note.GNU-stack
                0x0000000000000000        0x0 binaries/doscan.o
 .note.GNU-stack
                0x0000000000000000        0x0 binaries/fdoprnt.o
 .note.GNU-stack
                0x0000000000000000        0x0 binaries/fgetc.o
 .note.GNU-stack
                0x0000000000000000        0x0 binaries/fgets.o
 .note.GNU-stack
                0x0000000000000000        0x0 binaries/fprintf.o
 .note.GNU-stack
                0x0000000000000000        0x0 binaries/fputc.o
 .note.GNU-stack
                0x0000000000000000        0x0 binaries/fputs.o
 .note.GNU-stack
                0x0000000000000000        0x0 binaries/fscanf.o
 .note.GNU-stack
                0x0000000000000000        0x0 binaries/getchar.o
 .note.GNU-stack
                0x0000000000000000        0x0 binaries/labs.o
 .note.GNU-stack
                0x0000000000000000        0x0 binaries/memchr.o
 .note.GNU-stack
                0x0000000000000000        0x0 binaries/memcmp.o
 .note.GNU-stack
                0x0000000000000000        0x0 binaries/memcpy.o
 .note.GNU-stack
                0x0000000000000000        0x0 binaries/memset.o
 .note.GNU-stack
                0x0000000000000000        0x0 binaries/printf.o
 .note.GNU-stack
                0x0000000000000000        0x0 binaries/putchar.o
 .note.GNU-stack
                0x0000000000000000        0x0 binaries/qsort.o
 .note.GNU-stack
                0x0000000000000000        0x0 binaries/rand.o
 .note.GNU-stack
                0x0000000000000000        0x0 binaries/sprintf.o
 .note.GNU-stack
                0x0000000000000000        0x0 binaries/sscanf.o
 .note.GNU-stack
                0x0000000000000000        0x0 binaries/strchr.o
 .note.GNU-stack
                0x0000000000000000        0x0 binaries/strcmp.o
 .note.GNU-stack
                0x0000000000000000        0x0 binaries/strcpy.o
 .note.GNU-stack
                0x0000000000000000        0x0 binaries/strlen.o
 .note.GNU-stack
                0x0000000000000000        0x0 binaries/strncat.o
 .note.GNU-stack
                0x0000000000000000        0x0 binaries/strncmp.o
 .note.GNU-stack
                0x0000000000000000        0x0 binaries/strncpy.o
 .note.GNU-stack
                0x0000000000000000        0x0 binaries/strnlen.o
 .note.GNU-stack
                0x0000000000000000        0x0 binaries/strrchr.o
 .note.GNU-stack
                0x0000000000000000        0x0 binaries/strstr.o
 .note.GNU-stack
                0x0000000000000000        0x0 binaries/ttycontrol.o
 .note.GNU-stack
                0x0000000000000000        0x0 binaries/ttygetc.o
 .note.GNU-stack
                0x0000000000000000        0x0 binaries/ttyhandle_in.o
 .note.GNU-stack
                0x0000000000000000        0x0 binaries/ttyhandle_out.o
 .note.GNU-stack
                0x0000000000000000        0x0 binaries/ttyhandler.o
 .note.GNU-stack
                0x0000000000000000        0x0 binaries/ttyinit.o
 .note.GNU-stack
                0x0000000000000000        0x0 binaries/ttykickout.o
 .note.GNU-stack
                0x0000000000000000        0x0 binaries/ttyputc.o
 .note.GNU-stack
                0x0000000000000000        0x0 binaries/ttyread.o
 .note.GNU-stack
                0x0000000000000000        0x0 binaries/ttywrite.o
 .note.GNU-stack
                0x0000000000000000        0x0 binaries/mount.o
 .note.GNU-stack
                0x0000000000000000        0x0 binaries/naminit.o
 .note.GNU-stack
                0x0000000000000000        0x0 binaries/nammap.o
 .note.GNU-stack
                0x0000000000000000        0x0 binaries/namopen.o
 .note.GNU-stack
                0x0000000000000000        0x0 binaries/ethcontrol.o
 .note.GNU-stack
                0x0000000000000000        0x0 binaries/ethhandler.o
 .note.GNU-stack
                0x0000000000000000        0x0 binaries/ethinit.o
 .note.GNU-stack
                0x0000000000000000        0x0 binaries/ethmcast.o
 .note.GNU-stack
                0x0000000000000000        0x0 binaries/ethread.o
 .note.GNU-stack
                0x0000000000000000        0x0 binaries/ethwrite.o
 .note.GNU-stack
                0x0000000000000000        0x0 binaries/rdsbufalloc.o
 .note.GNU-stack
                0x0000000000000000        0x0 binaries/rdsclose.o
 .note.GNU-stack
                0x0000000000000000        0x0 binaries/rdscomm.o
 .note.GNU-stack
                0x0000000000000000        0x0 binaries/rdscontrol.o
 .note.GNU-stack
                0x0000000000000000        0x0 binaries/rdsinit.o
 .note.GNU-stack
                0x0000000000000000        0x0 binaries/rdsopen.o
 .note.GNU-stack
                0x0000000000000000        0x0 binaries/rdsprocess.o
 .note.GNU-stack
                0x0000000000000000        0x0 binaries/rdsread.o
 .note.GNU-stack
                0x0000000000000000        0x0 binaries/rdswrite.o
 .note.GNU-stack
                0x0000000000000000        0x0 binaries/ramclose.o
 .note.GNU-stack
                0x0000000000000000        0x0 binaries/raminit.o
 .note.GNU-stack
                0x0000000000000000        0x0 binaries/ramopen.o
 .note.GNU-stack
                0x0000000000000000        0x0 binaries/ramread.o
 .note.GNU-stack
                0x0000000000000000        0x0 binaries/ramwrite.o
 .note.GNU-stack
                0x0000000000000000        0x0 binaries/lfdballoc.o
 .note.GNU-stack
                0x0000000000000000        0x0 binaries/lfdbfree.o
 .note.GNU-stack
                0x0000000000000000        0x0 binaries/lfflush.o
 .note.GNU-stack
                0x0000000000000000        0x0 binaries/lfgetmode.o
 .note.GNU-stack
                0x0000000000000000        0x0 binaries/lfiballoc.o
 .note.GNU-stack
                0x0000000000000000        0x0 binaries/lfibclear.o
 .note.GNU-stack
                0x0000000000000000        0x0 binaries/lfibget.o
 .note.GNU-stack
                0x0000000000000000        0x0 binaries/lfibput.o
 .note.GNU-stack
                0x0000000000000000        0x0 binaries/lflclose.o
 .note.GNU-stack
                0x0000000000000000        0x0 binaries/lflcontrol.o
 .note.GNU-stack
                0x0000000000000000        0x0 binaries/lflgetc.o
 .note.GNU-stack
                0x0000000000000000        0x0 binaries/lflinit.o
 .note.GNU-stack
                0x0000000000000000        0x0 binaries/lflputc.o
 .note.GNU-stack
                0x0000000000000000        0x0 binaries/lflread.o
 .note.GNU-stack
                0x0000000000000000        0x0 binaries/lflseek.o
 .note.GNU-stack
                0x0000000000000000        0x0 binaries/lflwrite.o
 .note.GNU-stack
                0x0000000000000000        0x0 binaries/lfscheck.o
 .note.GNU-stack
                0x0000000000000000        0x0 binaries/lfsckfmt.o
 .note.GNU-stack
                0x0000000000000000        0x0 binaries/lfscreate.o
 .note.GNU-stack
                0x0000000000000000        0x0 binaries/lfsetup.o
 .note.GNU-stack
                0x0000000000000000        0x0 binaries/lfsinit.o
 .note.GNU-stack
                0x0000000000000000        0x0 binaries/lfsopen.o
 .note.GNU-stack
                0x0000000000000000        0x0 binaries/lftruncate.o
 .note.GNU-stack
                0x0000000000000000        0x0 binaries/rflclose.o
 .note.GNU-stack
                0x0000000000000000        0x0 binaries/rflgetc.o
 .note.GNU-stack
                0x0000000000000000        0x0 binaries/rflinit.o
 .note.GNU-stack
                0x0000000000000000        0x0 binaries/rflputc.o
 .note.GNU-stack
                0x0000000000000000        0x0 binaries/rflread.o
 .note.GNU-stack
                0x0000000000000000        0x0 binaries/rflseek.o
 .note.GNU-stack
                0x0000000000000000        0x0 binaries/rflwrite.o
 .note.GNU-stack
                0x0000000000000000        0x0 binaries/rfscomm.o
 .note.GNU-stack
                0x0000000000000000        0x0 binaries/rfscontrol.o
 .note.GNU-stack
                0x0000000000000000        0x0 binaries/rfsgetmode.o
 .note.GNU-stack
                0x0000000000000000        0x0 binaries/rfsinit.o
 .note.GNU-stack
                0x0000000000000000        0x0 binaries/rfsndmsg.o
 .note.GNU-stack
                0x0000000000000000        0x0 binaries/rfsopen.o
 .note.GNU-stack
                0x0000000000000000        0x0 binaries/arp.o
 .note.GNU-stack
                0x0000000000000000        0x0 binaries/dhcp.o
 .note.GNU-stack
                0x0000000000000000        0x0 binaries/dns.o
 .note.GNU-stack
                0x0000000000000000        0x0 binaries/dot2ip.o
 .note.GNU-stack
                0x0000000000000000        0x0 binaries/hexdump.o
 .note.GNU-stack
                0x0000000000000000        0x0 binaries/icmp.o
 .note.GNU-stack
                0x0000000000000000        0x0 binaries/ip.o
 .note.GNU-stack
                0x0000000000000000        0x0 binaries/net.o
 .note.GNU-stack
                0x0000000000000000        0x0 binaries/pdump.o
 .note.GNU-stack
                0x0000000000000000        0x0 binaries/tftp.o
 .note.GNU-stack
                0x0000000000000000        0x0 binaries/udp.o
 .note.GNU-stack
                0x0000000000000000        0x0 binaries/addargs.o
 .note.GNU-stack
                0x0000000000000000        0x0 binaries/lexan.o
 .note.GNU-stack
                0x0000000000000000        0x0 binaries/shell.o
 .note.GNU-stack
                0x0000000000000000        0x0 binaries/xsh_argecho.o
 .note.GNU-stack
                0x0000000000000000        0x0 binaries/xsh_arp.o
 .note.GNU-stack
                0x0000000000000000        0x0 binaries/xsh_cat.o
 .note.GNU-stack
                0x0000000000000000        0x0 binaries/xsh_clear.o
 .note.GNU-stack
                0x0000000000000000        0x0 binaries/xsh_date.o
 .note.GNU-stack
                0x0000000000000000        0x0 binaries/xsh_devdump.o
 .note.GNU-stack
                0x0000000000000000        0x0 binaries/xsh_echo.o
 .note.GNU-stack
                0x0000000000000000        0x0 binaries/xsh_exit.o
 .note.GNU-stack
                0x0000000000000000        0x0 binaries/xsh_help.o
 .note.GNU-stack
                0x0000000000000000        0x0 binaries/xsh_kill.o
 .note.GNU-stack
                0x0000000000000000        0x0 binaries/xsh_memdump.o
 .note.GNU-stack
                0x0000000000000000        0x0 binaries/xsh_memstat.o
 .note.GNU-stack
                0x0000000000000000        0x0 binaries/xsh_netinfo.o
 .note.GNU-stack
                0x0000000000000000        0x0 binaries/xsh_ping.o
 .note.GNU-stack
                0x0000000000000000        0x0 binaries/xsh_ps.o
 .note.GNU-stack
                0x0000000000000000        0x0 binaries/xsh_sleep.o
 .note.GNU-stack
                0x0000000000000000        0x0 binaries/xsh_udpdump.o
 .note.GNU-stack
                0x0000000000000000        0x0 binaries/xsh_udpecho.o
 .note.GNU-stack
                0x0000000000000000        0x0 binaries/xsh_udpserver.o
 .note.GNU-stack
                0x0000000000000000        0x0 binaries/xsh_uptime.o
