
Allocating common symbols
Common symbol       size              file

netbufpool          0x4               binaries/net.o
rfltab              0x5a0             binaries/rflinit.o
netportseed         0x8               binaries/net.o
sleepq              0x2               binaries/clkinit.o
nnames              0x4               binaries/naminit.o
udptab              0x168             binaries/udp.o
minheap             0x4               binaries/meminit.o
marks               0x50              binaries/mark.o
currpid             0x4               binaries/initialize.o
Lf_data             0x20c             binaries/lfsinit.o
porttab             0x2d0             binaries/ptinit.o
girmask             0x2               binaries/evec.o
ttytab              0x110             binaries/ttyinit.o
proctab             0x1a90            binaries/initialize.o
prcount             0x4               binaries/initialize.o
lfltab              0xf00             binaries/lflinit.o
rdstab              0x8c              binaries/rdsinit.o
ethertab            0x138             binaries/ethinit.o
NetData             0xb0              binaries/net.o
nmarks              0x4               binaries/mark.o
Defer               0x8               binaries/resched.o
semtab              0x4b0             binaries/initialize.o
maxheap             0x4               binaries/meminit.o
preempt             0x4               binaries/clkinit.o
buftab              0xf0              binaries/bufinit.o
Rf_data             0x18              binaries/rfsinit.o
mkmutex             0x4               binaries/mark.o
readylists          0x14              binaries/ready.o
clktime             0x4               binaries/clkinit.o
arpcache            0x140             binaries/arp.o
icmptab             0x230             binaries/icmp.o
nbpools             0x4               binaries/bufinit.o
queuetab            0xa20             binaries/queue.o
ptnextid            0x4               binaries/ptinit.o
Ram                 0x19000           binaries/raminit.o
ipoqueue            0x2c              binaries/ip.o
memlist             0x8               binaries/initialize.o
nametab             0x19a0            binaries/naminit.o
ptfree              0x4               binaries/ptinit.o

Memory Configuration

Name             Origin             Length             Attributes
*default*        0x0000000000000000 0xffffffffffffffff

Linker script and memory map

                0x0000000000100000                physbase = 0x100000
                0x0000000000100000                . = physbase
                0x0000000000100000                . = ALIGN (0x1000)

.text           0x0000000000100000    0x1a000
                0x0000000000100000                text = ABSOLUTE (.)
 *(.text .text.*)
 .text          0x0000000000100000      0x1b4 binaries/start.o
                0x0000000000100024                start
                0x00000000001000f6                inb
                0x00000000001000fe                inw
                0x0000000000100107                inl
                0x000000000010010f                outb
                0x0000000000100119                outw
                0x0000000000100124                outl
                0x000000000010012e                _rtcin
                0x0000000000100139                ___udivsi3
                0x0000000000100144                ___divsi3
                0x0000000000100150                sbzero
                0x0000000000100160                insw
                0x0000000000100176                outsw
                0x000000000010018c                bcopy
                0x00000000001001a0                lidt
                0x00000000001001a8                cpuid
 .text          0x00000000001001b4      0x3e4 binaries/ascdate.o
                0x00000000001001b4                ascdate
 .text          0x0000000000100598       0x14 binaries/bufinit.o
                0x0000000000100598                bufinit
 .text          0x00000000001005ac       0x8d binaries/chprio.o
                0x00000000001005ac                chprio
 .text          0x0000000000100639       0xbd binaries/clkhandler.o
                0x0000000000100639                clkhandler
 .text          0x00000000001006f6       0x7e binaries/clkinit.o
                0x00000000001006f6                clkinit
 .text          0x0000000000100774       0x75 binaries/close.o
                0x0000000000100774                close
 .text          0x00000000001007e9        0x0 binaries/conf.o
 .text          0x00000000001007e9       0x7b binaries/control.o
                0x00000000001007e9                control
 .text          0x0000000000100864      0x311 binaries/create.o
                0x0000000000100864                create
 .text          0x0000000000100b75        0x0 binaries/debugprint.o
 .text          0x0000000000100b75      0x29e binaries/early_imr.o
                0x0000000000100b75                intel_cln_early_sb_read_reg
                0x0000000000100bf5                intel_cln_early_sb_write_reg
                0x0000000000100d88                remove_irm_protections
 .text          0x0000000000100e13      0x43e binaries/evec.o
                0x0000000000100e13                initevec
                0x0000000000100f0f                set_evec
                0x0000000000100fb1                setirmask
                0x000000000010100b                trap
 .text          0x0000000000101251       0x1a binaries/exit.o
                0x0000000000101251                exit
 .text          0x000000000010126b       0x8c binaries/freebuf.o
                0x000000000010126b                freebuf
 .text          0x00000000001012f7      0x172 binaries/freemem.o
                0x00000000001012f7                freemem
 .text          0x0000000000101469       0x8a binaries/getbuf.o
                0x0000000000101469                getbuf
 .text          0x00000000001014f3       0x75 binaries/getc.o
                0x00000000001014f3                getc
 .text          0x0000000000101568       0x73 binaries/getdev.o
                0x0000000000101568                getdev
 .text          0x00000000001015db       0xd0 binaries/getitem.o
                0x00000000001015db                getfirst
                0x0000000000101620                getlast
                0x0000000000101667                getitem
 .text          0x00000000001016ab      0x10a binaries/getmem.o
                0x00000000001016ab                getmem
 .text          0x00000000001017b5        0xa binaries/getpid.o
                0x00000000001017b5                getpid
 .text          0x00000000001017bf       0x74 binaries/getprio.o
                0x00000000001017bf                getprio
 .text          0x0000000000101833       0xfb binaries/getstk.o
                0x0000000000101833                getstk
 .text          0x000000000010192e       0x16 binaries/getticks.o
                0x000000000010192e                getticks
 .text          0x0000000000101944       0x3a binaries/gettime.o
                0x0000000000101944                gettime
 .text          0x000000000010197e      0x1d8 binaries/getutime.o
                0x000000000010197e                getutime
 .text          0x0000000000101b56       0x75 binaries/init.o
                0x0000000000101b56                init
 .text          0x0000000000101bcb      0x428 binaries/initialize.o
                0x0000000000101bcb                nulluser
                0x0000000000101f9a                stop
                0x0000000000101fc5                delay
 .text          0x0000000000101ff3      0x190 binaries/insert.o
                0x0000000000101ff3                insert
                0x00000000001020cd                procPush
 .text          0x0000000000102183      0x10c binaries/insertd.o
                0x0000000000102183                insertd
 .text          0x000000000010228f       0xda binaries/insertp.o
                0x000000000010228f                insertp
 .text          0x0000000000102369        0xa binaries/ioerr.o
                0x0000000000102369                ioerr
 .text          0x0000000000102373        0xa binaries/ionull.o
                0x0000000000102373                ionull
 .text          0x000000000010237d      0x194 binaries/kill.o
                0x000000000010237d                kill
 .text          0x0000000000102511      0x138 binaries/kprintf.o
                0x0000000000102511                kputc
                0x000000000010259c                kgetc
                0x000000000010261f                kprintf
 .text          0x0000000000102649       0x4c binaries/lab1app2a.o
                0x0000000000102649                lab1app2a
 .text          0x0000000000102695       0x6c binaries/lab1app2b.o
                0x0000000000102695                lab1app2b
 .text          0x0000000000102701       0xbc binaries/lab1app4tests.o
                0x0000000000102701                highPrioProc
                0x0000000000102766                lowPrioProc
 .text          0x00000000001027bd       0x6d binaries/lab1app.o
                0x00000000001027bd                lab1app
 .text          0x000000000010282a      0x10f binaries/main.o
                0x000000000010282a                main
                0x000000000010289c                prod2
                0x00000000001028e5                cons2
 .text          0x0000000000102939       0xb6 binaries/mark.o
                0x0000000000102939                markinit
                0x000000000010295e                mark
 .text          0x00000000001029ef      0x2ce binaries/meminit.o
                0x00000000001029ef                meminit
                0x0000000000102c16                setsegs
 .text          0x0000000000102cbd      0x174 binaries/mkbufpool.o
                0x0000000000102cbd                mkbufpool
 .text          0x0000000000102e31       0x94 binaries/newqueue.o
                0x0000000000102e31                newqueue
 .text          0x0000000000102ec5       0x7b binaries/open.o
                0x0000000000102ec5                open
 .text          0x0000000000102f40       0x20 binaries/panic.o
                0x0000000000102f40                panic
 .text          0x0000000000102f60      0x41b binaries/pci.o
                0x0000000000102f60                pci_init
                0x0000000000102fea                find_pci_device
                0x00000000001030d1                pci_read_config_byte
                0x000000000010312f                pci_read_config_word
                0x000000000010318f                pci_read_config_dword
                0x00000000001031ed                pci_write_config_byte
                0x000000000010324f                pci_write_config_word
                0x00000000001032b3                pci_write_config_dword
                0x000000000010330f                pci_get_dev_mmio_base_addr
 .text          0x000000000010337b       0xca binaries/platinit.o
                0x000000000010337b                cpu_is_quark
                0x0000000000103398                console_init
                0x00000000001033e1                platinit
 .text          0x0000000000103445       0xf1 binaries/ptclear.o
                0x0000000000103445                _ptclear
 .text          0x0000000000103536       0x9d binaries/ptcount.o
                0x0000000000103536                ptcount
 .text          0x00000000001035d3      0x116 binaries/ptcreate.o
                0x00000000001035d3                ptcreate
 .text          0x00000000001036e9       0x7f binaries/ptdelete.o
                0x00000000001036e9                ptdelete
 .text          0x0000000000103768       0xbd binaries/ptinit.o
                0x0000000000103768                ptinit
 .text          0x0000000000103825      0x11b binaries/ptrecv.o
                0x0000000000103825                ptrecv
 .text          0x0000000000103940       0x77 binaries/ptreset.o
                0x0000000000103940                ptreset
 .text          0x00000000001039b7      0x13d binaries/ptsend.o
                0x00000000001039b7                ptsend
 .text          0x0000000000103af4       0x80 binaries/putc.o
                0x0000000000103af4                putc
 .text          0x0000000000103b74       0xcc binaries/quark_irq.o
                0x0000000000103b74                quark_irq_routing
 .text          0x0000000000103c40      0x1e9 binaries/quark_pdat.o
                0x0000000000103c40                get_quark_pdat_entry_data_by_id
                0x0000000000103d2f                get_quark_pdat_entry_data_by_desc
 .text          0x0000000000103e29      0x10d binaries/queue.o
                0x0000000000103e29                enqueue
                0x0000000000103ec9                dequeue
 .text          0x0000000000103f36       0x7b binaries/read.o
                0x0000000000103f36                read
 .text          0x0000000000103fb1      0x224 binaries/ready.o
                0x0000000000103fb1                ready
 .text          0x00000000001041d5       0x72 binaries/receive.o
                0x00000000001041d5                receive
 .text          0x0000000000104247       0x5b binaries/recvclr.o
                0x0000000000104247                recvclr
 .text          0x00000000001042a2       0xba binaries/recvtime.o
                0x00000000001042a2                recvtime
 .text          0x000000000010435c      0x561 binaries/resched.o
                0x000000000010435c                resched
                0x0000000000104848                resched_cntl
 .text          0x00000000001048bd       0xaa binaries/resume.o
                0x00000000001048bd                resume
 .text          0x0000000000104967       0x79 binaries/seek.o
                0x0000000000104967                seek
 .text          0x00000000001049e0       0x6f binaries/semcount.o
                0x00000000001049e0                semcount
 .text          0x0000000000104a4f       0xd5 binaries/semcreate.o
                0x0000000000104a4f                semcreate
 .text          0x0000000000104b24       0xcd binaries/semdelete.o
                0x0000000000104b24                semdelete
 .text          0x0000000000104bf1       0xcb binaries/semreset.o
                0x0000000000104bf1                semreset
 .text          0x0000000000104cbc       0xe6 binaries/send.o
                0x0000000000104cbc                send
 .text          0x0000000000104da2       0xa8 binaries/signal.o
                0x0000000000104da2                signal
 .text          0x0000000000104e4a       0xd6 binaries/signaln.o
                0x0000000000104e4a                signaln
 .text          0x0000000000104f20      0x132 binaries/sleep.o
                0x0000000000104f20                sleep
                0x0000000000104f6e                sleepms
 .text          0x0000000000105052       0xec binaries/stacktrace.o
                0x0000000000105052                stacktrace
 .text          0x000000000010513e       0xe0 binaries/suspend.o
                0x000000000010513e                suspend
 .text          0x000000000010521e       0xe2 binaries/unsleep.o
                0x000000000010521e                unsleep
 .text          0x0000000000105300       0x1a binaries/userret.o
                0x0000000000105300                userret
 .text          0x000000000010531a       0xda binaries/wait.o
                0x000000000010531a                wait
 .text          0x00000000001053f4       0x72 binaries/wakeup.o
                0x00000000001053f4                wakeup
 .text          0x0000000000105466       0x7b binaries/write.o
                0x0000000000105466                write
 .text          0x00000000001054e1       0x1e binaries/xdone.o
                0x00000000001054e1                xdone
 .text          0x00000000001054ff       0x52 binaries/yield.o
                0x00000000001054ff                yield
 .text          0x0000000000105551       0x11 binaries/abs.o
                0x0000000000105551                abs
 .text          0x0000000000105562       0x8f binaries/atoi.o
                0x0000000000105562                atoi
 .text          0x00000000001055f1       0x8f binaries/atol.o
                0x00000000001055f1                atol
 .text          0x0000000000105680       0x32 binaries/bzero.o
                0x0000000000105680                bzero
 .text          0x00000000001056b2        0x0 binaries/ctype_.o
 .text          0x00000000001056b2      0x8ed binaries/doprnt.o
                0x00000000001056b2                _doprnt
 .text          0x0000000000105f9f      0x66b binaries/doscan.o
                0x0000000000105f9f                _doscan
 .text          0x000000000010660a      0x716 binaries/fdoprnt.o
                0x000000000010660a                _fdoprnt
 .text          0x0000000000106d20       0x29 binaries/fgetc.o
                0x0000000000106d20                fgetc
 .text          0x0000000000106d49       0x75 binaries/fgets.o
                0x0000000000106d49                fgets
 .text          0x0000000000106dbe       0x2a binaries/fprintf.o
                0x0000000000106dbe                fprintf
 .text          0x0000000000106de8       0x2c binaries/fputc.o
                0x0000000000106de8                fputc
 .text          0x0000000000106e14       0x43 binaries/fputs.o
                0x0000000000106e14                fputs
 .text          0x0000000000106e57       0x8a binaries/fscanf.o
                0x0000000000106e57                fscanf
 .text          0x0000000000106ee1       0x2c binaries/getchar.o
                0x0000000000106ee1                getchar
 .text          0x0000000000106f0d       0x11 binaries/labs.o
                0x0000000000106f0d                labs
 .text          0x0000000000106f1e        0x0 binaries/memchr.o
 .text          0x0000000000106f1e       0x51 binaries/memcmp.o
                0x0000000000106f1e                memcmp
 .text          0x0000000000106f6f       0x3f binaries/memcpy.o
                0x0000000000106f6f                memcpy
 .text          0x0000000000106fae       0x30 binaries/memset.o
                0x0000000000106fae                memset
 .text          0x0000000000106fde       0x42 binaries/printf.o
                0x0000000000106fde                printf
 .text          0x0000000000107020       0x2f binaries/putchar.o
                0x0000000000107020                putchar
 .text          0x000000000010704f      0x281 binaries/qsort.o
                0x000000000010704f                qsort
 .text          0x00000000001072d0       0x64 binaries/rand.o
                0x00000000001072d0                rand
                0x00000000001072e8                rand_r
                0x0000000000107326                srand
 .text          0x0000000000107334       0x66 binaries/sprintf.o
                0x0000000000107334                sprintf
 .text          0x000000000010739a       0x70 binaries/sscanf.o
                0x000000000010739a                sscanf
 .text          0x000000000010740a       0x3c binaries/strchr.o
                0x000000000010740a                strchr
 .text          0x0000000000107446       0x45 binaries/strcmp.o
                0x0000000000107446                strcmp
 .text          0x000000000010748b       0x27 binaries/strcpy.o
                0x000000000010748b                strcpy
 .text          0x00000000001074b2       0x26 binaries/strlen.o
                0x00000000001074b2                strlen
 .text          0x00000000001074d8       0x56 binaries/strncat.o
                0x00000000001074d8                strncat
 .text          0x000000000010752e       0x5f binaries/strncmp.o
                0x000000000010752e                strncmp
 .text          0x000000000010758d       0x4f binaries/strncpy.o
                0x000000000010758d                strncpy
 .text          0x00000000001075dc       0x2e binaries/strnlen.o
                0x00000000001075dc                strnlen
 .text          0x000000000010760a       0x45 binaries/strrchr.o
                0x000000000010760a                strrchr
 .text          0x000000000010764f       0x6e binaries/strstr.o
                0x000000000010764f                strstr
 .text          0x00000000001076bd       0xe4 binaries/ttycontrol.o
                0x00000000001076bd                ttycontrol
 .text          0x00000000001077a1       0x97 binaries/ttygetc.o
                0x00000000001077a1                ttygetc
 .text          0x0000000000107838      0x6df binaries/ttyhandle_in.o
                0x0000000000107838                ttyhandle_in
 .text          0x0000000000107f17      0x188 binaries/ttyhandle_out.o
                0x0000000000107f17                ttyhandle_out
 .text          0x000000000010809f       0xb6 binaries/ttyhandler.o
                0x000000000010809f                ttyhandler
 .text          0x0000000000108155      0x1f1 binaries/ttyinit.o
                0x0000000000108155                ttyinit
 .text          0x0000000000108346       0x10 binaries/ttykickout.o
                0x0000000000108346                ttykickout
 .text          0x0000000000108356       0xb7 binaries/ttyputc.o
                0x0000000000108356                ttyputc
 .text          0x000000000010840d      0x11b binaries/ttyread.o
                0x000000000010840d                ttyread
 .text          0x0000000000108528       0x4d binaries/ttywrite.o
                0x0000000000108528                ttywrite
 .text          0x0000000000108575      0x14b binaries/mount.o
                0x0000000000108575                mount
                0x000000000010868a                namlen
 .text          0x00000000001086c0      0x1eb binaries/naminit.o
                0x00000000001086c0                naminit
 .text          0x00000000001088ab      0x212 binaries/nammap.o
                0x00000000001088ab                nammap
                0x0000000000108936                namrepl
                0x0000000000108a6d                namcpy
 .text          0x0000000000108abd       0x4e binaries/namopen.o
                0x0000000000108abd                namopen
 .text          0x0000000000108b0b       0x90 binaries/ethcontrol.o
                0x0000000000108b0b                ethcontrol
 .text          0x0000000000108b9b      0x18a binaries/ethhandler.o
                0x0000000000108b9b                ethhandler
 .text          0x0000000000108d25      0x724 binaries/ethinit.o
                0x0000000000108d25                eth_phy_read
                0x0000000000108d8f                eth_phy_write
                0x0000000000108e04                eth_phy_reset
                0x0000000000108f48                ethinit
 .text          0x0000000000109449      0x17c binaries/ethmcast.o
                0x0000000000109449                ethmcast_add
                0x00000000001094c5                ethmcast_remove
 .text          0x00000000001095c5      0x18a binaries/ethread.o
                0x00000000001095c5                ethread
 .text          0x000000000010974f       0xf5 binaries/ethwrite.o
                0x000000000010974f                ethwrite
 .text          0x0000000000109844       0x9e binaries/rdsbufalloc.o
                0x0000000000109844                rdsbufalloc
 .text          0x00000000001098e2       0xcc binaries/rdsclose.o
                0x00000000001098e2                rdsclose
 .text          0x00000000001099ae      0x2eb binaries/rdscomm.o
                0x00000000001099ae                rdscomm
 .text          0x0000000000109c99      0x234 binaries/rdscontrol.o
                0x0000000000109c99                rdscontrol
 .text          0x0000000000109ecd      0x1f3 binaries/rdsinit.o
                0x0000000000109ecd                rdsinit
 .text          0x000000000010a0c0      0x19b binaries/rdsopen.o
                0x000000000010a0c0                rdsopen
 .text          0x000000000010a25b      0x461 binaries/rdsprocess.o
                0x000000000010a25b                rdsprocess
 .text          0x000000000010a6bc      0x25b binaries/rdsread.o
                0x000000000010a6bc                rdsread
 .text          0x000000000010a917      0x1fb binaries/rdswrite.o
                0x000000000010a917                rdswrite
 .text          0x000000000010ab12        0xa binaries/ramclose.o
                0x000000000010ab12                ramclose
 .text          0x000000000010ab1c       0x3e binaries/raminit.o
                0x000000000010ab1c                raminit
 .text          0x000000000010ab5a        0xa binaries/ramopen.o
                0x000000000010ab5a                ramopen
 .text          0x000000000010ab64       0x32 binaries/ramread.o
                0x000000000010ab64                ramread
 .text          0x000000000010ab96       0x32 binaries/ramwrite.o
                0x000000000010ab96                ramwrite
 .text          0x000000000010abc8       0x98 binaries/lfdballoc.o
                0x000000000010abc8                lfdballoc
 .text          0x000000000010ac60       0x58 binaries/lfdbfree.o
                0x000000000010ac60                lfdbfree
 .text          0x000000000010acb8       0xb6 binaries/lfflush.o
                0x000000000010acb8                lfflush
 .text          0x000000000010ad6e       0xd8 binaries/lfgetmode.o
                0x000000000010ad6e                lfgetmode
 .text          0x000000000010ae46       0x68 binaries/lfiballoc.o
                0x000000000010ae46                lfiballoc
 .text          0x000000000010aeae       0x3b binaries/lfibclear.o
                0x000000000010aeae                lfibclear
 .text          0x000000000010aee9       0xad binaries/lfibget.o
                0x000000000010aee9                lfibget
 .text          0x000000000010af96       0xdc binaries/lfibput.o
                0x000000000010af96                lfibput
 .text          0x000000000010b072       0xa2 binaries/lflclose.o
                0x000000000010b072                lflclose
 .text          0x000000000010b114       0xd0 binaries/lflcontrol.o
                0x000000000010b114                lflcontrol
 .text          0x000000000010b1e4       0xf2 binaries/lflgetc.o
                0x000000000010b1e4                lflgetc
 .text          0x000000000010b2d6       0xf0 binaries/lflinit.o
                0x000000000010b2d6                lflinit
 .text          0x000000000010b3c6      0x122 binaries/lflputc.o
                0x000000000010b3c6                lflputc
 .text          0x000000000010b4e8       0x70 binaries/lflread.o
                0x000000000010b4e8                lflread
 .text          0x000000000010b558       0xac binaries/lflseek.o
                0x000000000010b558                lflseek
 .text          0x000000000010b604       0x55 binaries/lflwrite.o
                0x000000000010b604                lflwrite
 .text          0x000000000010b659       0x62 binaries/lfscheck.o
                0x000000000010b659                lfscheck
 .text          0x000000000010b6bb      0x175 binaries/lfsckfmt.o
                0x000000000010b6bb                lfsckfmt
 .text          0x000000000010b830      0x1af binaries/lfscreate.o
                0x000000000010b830                lfscreate
 .text          0x000000000010b9df      0x27f binaries/lfsetup.o
                0x000000000010b9df                lfsetup
 .text          0x000000000010bc5e       0x51 binaries/lfsinit.o
                0x000000000010bc5e                lfsinit
 .text          0x000000000010bcaf      0x3c2 binaries/lfsopen.o
                0x000000000010bcaf                lfsopen
 .text          0x000000000010c071      0x15e binaries/lftruncate.o
                0x000000000010c071                lftruncate
 .text          0x000000000010c1cf       0x71 binaries/rflclose.o
                0x000000000010c1cf                rflclose
 .text          0x000000000010c240       0x32 binaries/rflgetc.o
                0x000000000010c240                rflgetc
 .text          0x000000000010c272       0x78 binaries/rflinit.o
                0x000000000010c272                rflinit
 .text          0x000000000010c2ea       0x33 binaries/rflputc.o
                0x000000000010c2ea                rflputc
 .text          0x000000000010c31d      0x35e binaries/rflread.o
                0x000000000010c31d                rflread
 .text          0x000000000010c67b       0x74 binaries/rflseek.o
                0x000000000010c67b                rflseek
 .text          0x000000000010c6ef      0x34d binaries/rflwrite.o
                0x000000000010c6ef                rflwrite
 .text          0x000000000010ca3c      0x1e4 binaries/rfscomm.o
                0x000000000010ca3c                rfscomm
 .text          0x000000000010cc20      0x28e binaries/rfscontrol.o
                0x000000000010cc20                rfscontrol
 .text          0x000000000010ceae       0xd8 binaries/rfsgetmode.o
                0x000000000010ceae                rfsgetmode
 .text          0x000000000010cf86       0x86 binaries/rfsinit.o
                0x000000000010cf86                rfsinit
 .text          0x000000000010d00c      0x111 binaries/rfsndmsg.o
                0x000000000010d00c                rfsndmsg
 .text          0x000000000010d11d      0x2ab binaries/rfsopen.o
                0x000000000010d11d                rfsopen
 .text          0x000000000010d3c8      0x83b binaries/arp.o
                0x000000000010d3c8                arp_init
                0x000000000010d3fb                arp_resolve
                0x000000000010d6b2                arp_in
                0x000000000010d969                arp_alloc
                0x000000000010da29                arp_ntoh
                0x000000000010db16                arp_hton
 .text          0x000000000010dc03      0x8e8 binaries/dhcp.o
                0x000000000010dc03                dhcp_get_opt_val
                0x000000000010dc5c                dhcp_bld_bootp_msg
                0x000000000010dd6a                dhcp_bld_disc
                0x000000000010de53                dhcp_bld_req
                0x000000000010dfc5                getlocalip
 .text          0x000000000010e4eb      0x5a0 binaries/dns.o
                0x000000000010e4eb                dnslookup
 .text          0x000000000010ea8b       0xea binaries/dot2ip.o
                0x000000000010ea8b                dot2ip
 .text          0x000000000010eb75      0x4c4 binaries/hexdump.o
                0x000000000010eb75                hexdump
                0x000000000010ed1c                hexadump
 .text          0x000000000010f039      0x8ab binaries/icmp.o
                0x000000000010f039                icmp_init
                0x000000000010f070                icmp_in
                0x000000000010f246                icmp_register
                0x000000000010f341                icmp_recv
                0x000000000010f4ce                icmp_send
                0x000000000010f556                icmp_mkpkt
                0x000000000010f670                icmp_release
                0x000000000010f76e                icmp_cksum
                0x000000000010f7fa                icmp_hton
                0x000000000010f86f                icmp_ntoh
 .text          0x000000000010f8e4      0x8a7 binaries/ip.o
                0x000000000010f8e4                ip_in
                0x000000000010fa68                ip_send
                0x000000000010fbc3                ip_local
                0x000000000010fc0f                ip_out
                0x000000000010fd48                ipcksum
                0x000000000010fdce                ip_ntoh
                0x000000000010febb                ip_hton
                0x000000000010ffa8                ipout
                0x00000000001100d7                ip_enqueue
 .text          0x000000000011018b      0x2cf binaries/net.o
                0x000000000011018b                net_init
                0x00000000001102b3                netin
                0x0000000000110370                eth_hton
                0x000000000011039b                eth_ntoh
                0x00000000001103c6                getport
 .text          0x000000000011045a     0x147c binaries/pdump.o
                0x000000000011045a                pdump
                0x0000000000111217                pdumph
 .text          0x00000000001118d6      0x4bc binaries/tftp.o
                0x00000000001118d6                tftp_send1
                0x0000000000111a56                tftpget
 .text          0x0000000000111d92      0xb81 binaries/udp.o
                0x0000000000111d92                udp_init
                0x0000000000111dc7                udp_in
                0x0000000000111f09                udp_register
                0x0000000000112045                udp_recv
                0x00000000001121e1                udp_recvaddr
                0x0000000000112395                udp_send
                0x000000000011257d                udp_sendto
                0x000000000011272e                udp_release
                0x0000000000112829                udp_ntoh
                0x000000000011289e                udp_hton
 .text          0x0000000000112913      0x138 binaries/addargs.o
                0x0000000000112913                addargs
 .text          0x0000000000112a4b      0x2c7 binaries/lexan.o
                0x0000000000112a4b                lexan
 .text          0x0000000000112d12      0x667 binaries/shell.o
                0x0000000000112d12                shell
 .text          0x0000000000113379       0x69 binaries/xsh_argecho.o
                0x0000000000113379                xsh_argecho
 .text          0x00000000001133e2      0x279 binaries/xsh_arp.o
                0x00000000001133e2                xsh_arp
 .text          0x000000000011365b      0x251 binaries/xsh_cat.o
                0x000000000011365b                xsh_cat
 .text          0x00000000001138ac       0x59 binaries/xsh_clear.o
                0x00000000001138ac                xsh_clear
 .text          0x0000000000113905      0x2de binaries/xsh_date.o
                0x0000000000113905                xsh_date
 .text          0x0000000000113be3       0xa9 binaries/xsh_devdump.o
                0x0000000000113be3                xsh_devdump
 .text          0x0000000000113c8c       0x72 binaries/xsh_echo.o
                0x0000000000113c8c                xsh_echo
 .text          0x0000000000113cfe        0xa binaries/xsh_exit.o
                0x0000000000113cfe                xsh_exit
 .text          0x0000000000113d08      0x37f binaries/xsh_help.o
                0x0000000000113d08                xsh_help
 .text          0x0000000000114087      0x230 binaries/xsh_kill.o
                0x0000000000114087                xsh_kill
 .text          0x00000000001142b7      0x525 binaries/xsh_memdump.o
                0x00000000001142b7                xsh_memdump
 .text          0x00000000001147dc      0x29b binaries/xsh_memstat.o
                0x00000000001147dc                xsh_memstat
 .text          0x0000000000114a77      0x4f9 binaries/xsh_netinfo.o
                0x0000000000114a77                xsh_netinfo
 .text          0x0000000000114f70      0x462 binaries/xsh_ping.o
                0x0000000000114f70                xsh_ping
 .text          0x00000000001153d2      0x217 binaries/xsh_ps.o
                0x00000000001153d2                xsh_ps
 .text          0x00000000001155e9      0x20c binaries/xsh_sleep.o
                0x00000000001155e9                xsh_sleep
 .text          0x00000000001157f5      0x270 binaries/xsh_udpdump.o
                0x00000000001157f5                xsh_udpdump
 .text          0x0000000000115a65      0x48e binaries/xsh_udpecho.o
                0x0000000000115a65                xsh_udpecho
 .text          0x0000000000115ef3      0x296 binaries/xsh_udpserver.o
                0x0000000000115ef3                xsh_udpeserver
 .text          0x0000000000116189      0x1e9 binaries/xsh_uptime.o
                0x0000000000116189                xsh_uptime
 .text          0x0000000000116372        0xe binaries/clkdisp.o
                0x0000000000116372                clkdisp
 .text          0x0000000000116380       0x19 binaries/ctxsw.o
                0x0000000000116380                ctxsw
 .text          0x0000000000116399      0x368 binaries/intr.o
                0x0000000000116399                disable
                0x00000000001163a2                restore
                0x00000000001163b0                enable
                0x00000000001163b2                pause
                0x00000000001163b9                halt
                0x00000000001163bc                spurious_irq7
                0x00000000001163c1                spurious_irq15
                0x00000000001163d0                _Xint0
                0x00000000001163db                _Xint1
                0x00000000001163e6                _Xint2
                0x00000000001163f1                _Xint3
                0x00000000001163fc                _Xint4
                0x0000000000116407                _Xint5
                0x0000000000116412                _Xint6
                0x000000000011641d                _Xint7
                0x0000000000116428                _Xint8
                0x0000000000116433                _Xint9
                0x000000000011643e                _Xint10
                0x0000000000116449                _Xint11
                0x0000000000116457                _Xint12
                0x0000000000116465                _Xint13
                0x0000000000116473                _Xint14
                0x0000000000116481                _Xint15
                0x000000000011648f                _Xint16
                0x000000000011649d                _Xint17
                0x00000000001164ab                _Xint18
                0x00000000001164b9                _Xint19
                0x00000000001164c7                _Xint20
                0x00000000001164d5                _Xint21
                0x00000000001164e3                _Xint22
                0x00000000001164f1                _Xint23
                0x00000000001164ff                _Xint24
                0x000000000011650d                _Xint25
                0x000000000011651b                _Xint26
                0x0000000000116529                _Xint27
                0x0000000000116537                _Xint28
                0x0000000000116545                _Xint29
                0x0000000000116553                _Xint30
                0x0000000000116561                _Xint31
                0x000000000011656f                _Xint32
                0x000000000011657d                _Xint33
                0x000000000011658b                _Xint34
                0x0000000000116599                _Xint35
                0x00000000001165a7                _Xint36
                0x00000000001165b5                _Xint37
                0x00000000001165c3                _Xint38
                0x00000000001165d1                _Xint39
                0x00000000001165df                _Xint40
                0x00000000001165ed                _Xint41
                0x00000000001165fb                _Xint42
                0x0000000000116609                _Xint43
                0x0000000000116617                _Xint44
                0x0000000000116625                _Xint45
                0x0000000000116633                _Xint46
                0x0000000000116641                defevec
 .text          0x0000000000116701        0xf binaries/ttydispatch.o
                0x0000000000116701                ttydispatch
 .text          0x0000000000116710       0x13 binaries/ethdispatch.o
                0x0000000000116710                ethdispatch
 *(.rodata .rodata.*)
 *fill*         0x0000000000116723        0x1 
 .rodata        0x0000000000116724       0x8e binaries/ascdate.o
 .rodata        0x00000000001167b2       0xae binaries/conf.o
 .rodata        0x0000000000116860       0x83 binaries/early_imr.o
 *fill*         0x00000000001168e3        0x1 
 .rodata        0x00000000001168e4      0x231 binaries/evec.o
 *fill*         0x0000000000116b15        0x3 
 .rodata        0x0000000000116b18       0x61 binaries/getutime.o
 *fill*         0x0000000000116b79        0x3 
 .rodata        0x0000000000116b7c      0x185 binaries/initialize.o
 *fill*         0x0000000000116d01        0x3 
 .rodata        0x0000000000116d04       0x20 binaries/kill.o
 .rodata        0x0000000000116d24       0x16 binaries/lab1app2a.o
 *fill*         0x0000000000116d3a        0x2 
 .rodata        0x0000000000116d3c       0x4c binaries/lab1app2b.o
 .rodata        0x0000000000116d88       0x9f binaries/lab1app4tests.o
 .rodata        0x0000000000116e27       0x31 binaries/lab1app.o
 .rodata        0x0000000000116e58       0x1c binaries/main.o
 .rodata        0x0000000000116e74       0x3e binaries/meminit.o
 .rodata        0x0000000000116eb2        0xf binaries/panic.o
 .rodata        0x0000000000116ec1       0x1d binaries/ptinit.o
 *fill*         0x0000000000116ede        0x2 
 .rodata        0x0000000000116ee0       0x25 binaries/ptsend.o
 .rodata        0x0000000000116f05       0x22 binaries/quark_pdat.o
 *fill*         0x0000000000116f27        0x1 
 .rodata        0x0000000000116f28      0x125 binaries/ready.o
 *fill*         0x000000000011704d        0x3 
 .rodata        0x0000000000117050      0x2b8 binaries/resched.o
 .rodata        0x0000000000117308       0x27 binaries/xdone.o
 *fill*         0x000000000011732f       0x11 
 .rodata        0x0000000000117340       0x81 binaries/ctype_.o
                0x0000000000117340                _ctype_
 *fill*         0x00000000001173c1        0x3 
 .rodata        0x00000000001173c4       0xee binaries/doprnt.o
 *fill*         0x00000000001174b2        0x2 
 .rodata        0x00000000001174b4       0x98 binaries/doscan.o
 .rodata        0x000000000011754c       0xae binaries/fdoprnt.o
 *fill*         0x00000000001175fa        0x2 
 .rodata        0x00000000001175fc       0x20 binaries/ttycontrol.o
 .rodata        0x000000000011761c       0x34 binaries/ttyhandler.o
 .rodata        0x0000000000117650       0x80 binaries/naminit.o
 .rodata        0x00000000001176d0       0x46 binaries/ethinit.o
 *fill*         0x0000000000117716        0x2 
 .rodata        0x0000000000117718       0x2c binaries/rdsbufalloc.o
 .rodata        0x0000000000117744       0x76 binaries/rdscomm.o
 *fill*         0x00000000001177ba        0x2 
 .rodata        0x00000000001177bc       0x48 binaries/rdscontrol.o
 .rodata        0x0000000000117804       0x96 binaries/rdsinit.o
 *fill*         0x000000000011789a        0x2 
 .rodata        0x000000000011789c       0x22 binaries/rdsopen.o
 *fill*         0x00000000001178be        0x2 
 .rodata        0x00000000001178c0       0x4d binaries/rdsprocess.o
 .rodata        0x000000000011790d        0x9 binaries/raminit.o
 *fill*         0x0000000000117916        0x2 
 .rodata        0x0000000000117918       0x37 binaries/lfdballoc.o
 .rodata        0x000000000011794f       0x14 binaries/lfiballoc.o
 *fill*         0x0000000000117963        0x1 
 .rodata        0x0000000000117964       0x23 binaries/lflcontrol.o
 *fill*         0x0000000000117987        0x1 
 .rodata        0x0000000000117988      0x11b binaries/lfsckfmt.o
 *fill*         0x0000000000117aa3        0x1 
 .rodata        0x0000000000117aa4       0x2a binaries/lfsopen.o
 *fill*         0x0000000000117ace        0x2 
 .rodata        0x0000000000117ad0       0x21 binaries/rflread.o
 *fill*         0x0000000000117af1        0x3 
 .rodata        0x0000000000117af4       0x21 binaries/rflwrite.o
 *fill*         0x0000000000117b15        0x3 
 .rodata        0x0000000000117b18       0x75 binaries/rfscomm.o
 *fill*         0x0000000000117b8d        0x3 
 .rodata        0x0000000000117b90       0x3c binaries/rfscontrol.o
 .rodata        0x0000000000117bcc       0x63 binaries/rfsinit.o
 *fill*         0x0000000000117c2f        0x1 
 .rodata        0x0000000000117c30       0x2a binaries/rfsndmsg.o
 *fill*         0x0000000000117c5a        0x2 
 .rodata        0x0000000000117c5c       0x22 binaries/rfsopen.o
 *fill*         0x0000000000117c7e        0x2 
 .rodata        0x0000000000117c80       0x3a binaries/arp.o
 *fill*         0x0000000000117cba        0x2 
 .rodata        0x0000000000117cbc       0xcf binaries/dhcp.o
 .rodata        0x0000000000117d8b       0x1a binaries/dns.o
 *fill*         0x0000000000117da5        0x3 
 .rodata        0x0000000000117da8       0xc9 binaries/hexdump.o
 *fill*         0x0000000000117e71        0x3 
 .rodata        0x0000000000117e74       0x29 binaries/icmp.o
 *fill*         0x0000000000117e9d        0x3 
 .rodata        0x0000000000117ea0       0x6e binaries/ip.o
 *fill*         0x0000000000117f0e        0x2 
 .rodata        0x0000000000117f10       0x4f binaries/net.o
 *fill*         0x0000000000117f5f        0x1 
 .rodata        0x0000000000117f60      0x26f binaries/pdump.o
 *fill*         0x00000000001181cf        0x1 
 .rodata        0x00000000001181d0      0x10c binaries/tftp.o
 *fill*         0x00000000001182dc        0x4 
 .rodata        0x00000000001182e0      0x3c1 binaries/shell.o
                0x0000000000118360                cmdtab
 .rodata        0x00000000001186a1       0x28 binaries/xsh_argecho.o
 *fill*         0x00000000001186c9        0x3 
 .rodata        0x00000000001186cc      0x123 binaries/xsh_arp.o
 *fill*         0x00000000001187ef        0x1 
 .rodata        0x00000000001187f0       0xc9 binaries/xsh_cat.o
 .rodata        0x00000000001188b9       0x19 binaries/xsh_clear.o
 *fill*         0x00000000001188d2        0x2 
 .rodata        0x00000000001188d4      0x1c3 binaries/xsh_date.o
 .rodata        0x0000000000118a97       0x5d binaries/xsh_devdump.o
 .rodata        0x0000000000118af4        0x9 binaries/xsh_echo.o
 *fill*         0x0000000000118afd        0x3 
 .rodata        0x0000000000118b00      0x169 binaries/xsh_help.o
 *fill*         0x0000000000118c69        0x3 
 .rodata        0x0000000000118c6c      0x12e binaries/xsh_kill.o
 *fill*         0x0000000000118d9a        0x2 
 .rodata        0x0000000000118d9c      0x266 binaries/xsh_memdump.o
 *fill*         0x0000000000119002        0x2 
 .rodata        0x0000000000119004      0x225 binaries/xsh_memstat.o
 *fill*         0x0000000000119229        0x3 
 .rodata        0x000000000011922c      0x1b0 binaries/xsh_netinfo.o
 .rodata        0x00000000001193dc      0x1a1 binaries/xsh_ping.o
 *fill*         0x000000000011957d        0x3 
 .rodata        0x0000000000119580      0x1e0 binaries/xsh_ps.o
 .rodata        0x0000000000119760       0xeb binaries/xsh_sleep.o
 *fill*         0x000000000011984b        0x1 
 .rodata        0x000000000011984c      0x1b8 binaries/xsh_udpdump.o
 .rodata        0x0000000000119a04      0x215 binaries/xsh_udpecho.o
 *fill*         0x0000000000119c19        0x3 
 .rodata        0x0000000000119c1c      0x12b binaries/xsh_udpserver.o
 *fill*         0x0000000000119d47        0x1 
 .rodata        0x0000000000119d48      0x105 binaries/xsh_uptime.o
                0x0000000000119e4d                etext = ABSOLUTE (.)
                0x000000000011a000                . = ALIGN (0x1000)
 *fill*         0x0000000000119e4d      0x1b3 

.eh_frame       0x000000000011a000     0x2cb0
 .eh_frame      0x000000000011a000       0x38 binaries/ascdate.o
 .eh_frame      0x000000000011a038       0x20 binaries/bufinit.o
                                         0x38 (size before relaxing)
 .eh_frame      0x000000000011a058       0x20 binaries/chprio.o
                                         0x38 (size before relaxing)
 .eh_frame      0x000000000011a078       0x20 binaries/clkhandler.o
                                         0x38 (size before relaxing)
 .eh_frame      0x000000000011a098       0x20 binaries/clkinit.o
                                         0x38 (size before relaxing)
 .eh_frame      0x000000000011a0b8       0x20 binaries/close.o
                                         0x38 (size before relaxing)
 .eh_frame      0x000000000011a0d8       0x20 binaries/control.o
                                         0x38 (size before relaxing)
 .eh_frame      0x000000000011a0f8       0x40 binaries/create.o
                                         0x58 (size before relaxing)
 .eh_frame      0x000000000011a138      0x104 binaries/early_imr.o
                                        0x11c (size before relaxing)
 .eh_frame      0x000000000011a23c       0x80 binaries/evec.o
                                         0x98 (size before relaxing)
 .eh_frame      0x000000000011a2bc       0x20 binaries/exit.o
                                         0x38 (size before relaxing)
 .eh_frame      0x000000000011a2dc       0x20 binaries/freebuf.o
                                         0x38 (size before relaxing)
 .eh_frame      0x000000000011a2fc       0x20 binaries/freemem.o
                                         0x38 (size before relaxing)
 .eh_frame      0x000000000011a31c       0x20 binaries/getbuf.o
                                         0x38 (size before relaxing)
 .eh_frame      0x000000000011a33c       0x20 binaries/getc.o
                                         0x38 (size before relaxing)
 .eh_frame      0x000000000011a35c       0x20 binaries/getdev.o
                                         0x38 (size before relaxing)
 .eh_frame      0x000000000011a37c       0x60 binaries/getitem.o
                                         0x78 (size before relaxing)
 .eh_frame      0x000000000011a3dc       0x20 binaries/getmem.o
                                         0x38 (size before relaxing)
 .eh_frame      0x000000000011a3fc       0x20 binaries/getpid.o
                                         0x38 (size before relaxing)
 .eh_frame      0x000000000011a41c       0x20 binaries/getprio.o
                                         0x38 (size before relaxing)
 .eh_frame      0x000000000011a43c       0x20 binaries/getstk.o
                                         0x38 (size before relaxing)
 .eh_frame      0x000000000011a45c       0x20 binaries/getticks.o
                                         0x38 (size before relaxing)
 .eh_frame      0x000000000011a47c       0x20 binaries/gettime.o
                                         0x38 (size before relaxing)
 .eh_frame      0x000000000011a49c       0x20 binaries/getutime.o
                                         0x38 (size before relaxing)
 .eh_frame      0x000000000011a4bc       0x20 binaries/init.o
                                         0x38 (size before relaxing)
 .eh_frame      0x000000000011a4dc       0xa0 binaries/initialize.o
                                         0xb8 (size before relaxing)
 .eh_frame      0x000000000011a57c       0x40 binaries/insert.o
                                         0x58 (size before relaxing)
 .eh_frame      0x000000000011a5bc       0x20 binaries/insertd.o
                                         0x38 (size before relaxing)
 .eh_frame      0x000000000011a5dc       0x20 binaries/insertp.o
                                         0x38 (size before relaxing)
 .eh_frame      0x000000000011a5fc       0x20 binaries/ioerr.o
                                         0x38 (size before relaxing)
 .eh_frame      0x000000000011a61c       0x20 binaries/ionull.o
                                         0x38 (size before relaxing)
 .eh_frame      0x000000000011a63c       0x20 binaries/kill.o
                                         0x38 (size before relaxing)
 .eh_frame      0x000000000011a65c       0x60 binaries/kprintf.o
                                         0x78 (size before relaxing)
 .eh_frame      0x000000000011a6bc       0x20 binaries/lab1app2a.o
                                         0x38 (size before relaxing)
 .eh_frame      0x000000000011a6dc       0x20 binaries/lab1app2b.o
                                         0x38 (size before relaxing)
 .eh_frame      0x000000000011a6fc       0x40 binaries/lab1app4tests.o
                                         0x58 (size before relaxing)
 .eh_frame      0x000000000011a73c       0x1c binaries/lab1app.o
                                         0x34 (size before relaxing)
 .eh_frame      0x000000000011a758       0x6c binaries/main.o
                                         0x84 (size before relaxing)
 .eh_frame      0x000000000011a7c4       0x40 binaries/mark.o
                                         0x58 (size before relaxing)
 .eh_frame      0x000000000011a804       0x44 binaries/meminit.o
                                         0x5c (size before relaxing)
 .eh_frame      0x000000000011a848       0x20 binaries/mkbufpool.o
                                         0x38 (size before relaxing)
 .eh_frame      0x000000000011a868       0x20 binaries/newqueue.o
                                         0x38 (size before relaxing)
 .eh_frame      0x000000000011a888       0x20 binaries/open.o
                                         0x38 (size before relaxing)
 .eh_frame      0x000000000011a8a8       0x1c binaries/panic.o
                                         0x34 (size before relaxing)
 .eh_frame      0x000000000011a8c4      0x1c0 binaries/pci.o
                                        0x1d8 (size before relaxing)
 .eh_frame      0x000000000011aa84       0x60 binaries/platinit.o
                                         0x78 (size before relaxing)
 .eh_frame      0x000000000011aae4       0x20 binaries/ptclear.o
                                         0x38 (size before relaxing)
 .eh_frame      0x000000000011ab04       0x20 binaries/ptcount.o
                                         0x38 (size before relaxing)
 .eh_frame      0x000000000011ab24       0x20 binaries/ptcreate.o
                                         0x38 (size before relaxing)
 .eh_frame      0x000000000011ab44       0x20 binaries/ptdelete.o
                                         0x38 (size before relaxing)
 .eh_frame      0x000000000011ab64       0x20 binaries/ptinit.o
                                         0x38 (size before relaxing)
 .eh_frame      0x000000000011ab84       0x20 binaries/ptrecv.o
                                         0x38 (size before relaxing)
 .eh_frame      0x000000000011aba4       0x20 binaries/ptreset.o
                                         0x38 (size before relaxing)
 .eh_frame      0x000000000011abc4       0x20 binaries/ptsend.o
                                         0x38 (size before relaxing)
 .eh_frame      0x000000000011abe4       0x20 binaries/putc.o
                                         0x38 (size before relaxing)
 .eh_frame      0x000000000011ac04       0x20 binaries/quark_irq.o
                                         0x38 (size before relaxing)
 .eh_frame      0x000000000011ac24       0x40 binaries/quark_pdat.o
                                         0x58 (size before relaxing)
 .eh_frame      0x000000000011ac64       0x40 binaries/queue.o
                                         0x58 (size before relaxing)
 .eh_frame      0x000000000011aca4       0x20 binaries/read.o
                                         0x38 (size before relaxing)
 .eh_frame      0x000000000011acc4       0x24 binaries/ready.o
                                         0x3c (size before relaxing)
 .eh_frame      0x000000000011ace8       0x20 binaries/receive.o
                                         0x38 (size before relaxing)
 .eh_frame      0x000000000011ad08       0x20 binaries/recvclr.o
                                         0x38 (size before relaxing)
 .eh_frame      0x000000000011ad28       0x20 binaries/recvtime.o
                                         0x38 (size before relaxing)
 .eh_frame      0x000000000011ad48       0x40 binaries/resched.o
                                         0x58 (size before relaxing)
 .eh_frame      0x000000000011ad88       0x20 binaries/resume.o
                                         0x38 (size before relaxing)
 .eh_frame      0x000000000011ada8       0x20 binaries/seek.o
                                         0x38 (size before relaxing)
 .eh_frame      0x000000000011adc8       0x20 binaries/semcount.o
                                         0x38 (size before relaxing)
 .eh_frame      0x000000000011ade8       0x40 binaries/semcreate.o
                                         0x58 (size before relaxing)
 .eh_frame      0x000000000011ae28       0x20 binaries/semdelete.o
                                         0x38 (size before relaxing)
 .eh_frame      0x000000000011ae48       0x20 binaries/semreset.o
                                         0x38 (size before relaxing)
 .eh_frame      0x000000000011ae68       0x20 binaries/send.o
                                         0x38 (size before relaxing)
 .eh_frame      0x000000000011ae88       0x20 binaries/signal.o
                                         0x38 (size before relaxing)
 .eh_frame      0x000000000011aea8       0x20 binaries/signaln.o
                                         0x38 (size before relaxing)
 .eh_frame      0x000000000011aec8       0x40 binaries/sleep.o
                                         0x58 (size before relaxing)
 .eh_frame      0x000000000011af08       0x20 binaries/stacktrace.o
                                         0x38 (size before relaxing)
 .eh_frame      0x000000000011af28       0x20 binaries/suspend.o
                                         0x38 (size before relaxing)
 .eh_frame      0x000000000011af48       0x20 binaries/unsleep.o
                                         0x38 (size before relaxing)
 .eh_frame      0x000000000011af68       0x20 binaries/userret.o
                                         0x38 (size before relaxing)
 .eh_frame      0x000000000011af88       0x20 binaries/wait.o
                                         0x38 (size before relaxing)
 .eh_frame      0x000000000011afa8       0x20 binaries/wakeup.o
                                         0x38 (size before relaxing)
 .eh_frame      0x000000000011afc8       0x20 binaries/write.o
                                         0x38 (size before relaxing)
 .eh_frame      0x000000000011afe8       0x20 binaries/xdone.o
                                         0x38 (size before relaxing)
 .eh_frame      0x000000000011b008       0x20 binaries/yield.o
                                         0x38 (size before relaxing)
 .eh_frame      0x000000000011b028       0x20 binaries/abs.o
                                         0x38 (size before relaxing)
 .eh_frame      0x000000000011b048       0x20 binaries/atoi.o
                                         0x38 (size before relaxing)
 .eh_frame      0x000000000011b068       0x20 binaries/atol.o
                                         0x38 (size before relaxing)
 .eh_frame      0x000000000011b088       0x20 binaries/bzero.o
                                         0x38 (size before relaxing)
 .eh_frame      0x000000000011b0a8       0xe0 binaries/doprnt.o
                                         0xf8 (size before relaxing)
 .eh_frame      0x000000000011b188       0xac binaries/doscan.o
                                         0xc4 (size before relaxing)
 .eh_frame      0x000000000011b234       0xc0 binaries/fdoprnt.o
                                         0xd8 (size before relaxing)
 .eh_frame      0x000000000011b2f4       0x20 binaries/fgetc.o
                                         0x38 (size before relaxing)
 .eh_frame      0x000000000011b314       0x20 binaries/fgets.o
                                         0x38 (size before relaxing)
 .eh_frame      0x000000000011b334       0x20 binaries/fprintf.o
                                         0x38 (size before relaxing)
 .eh_frame      0x000000000011b354       0x20 binaries/fputc.o
                                         0x38 (size before relaxing)
 .eh_frame      0x000000000011b374       0x20 binaries/fputs.o
                                         0x38 (size before relaxing)
 .eh_frame      0x000000000011b394       0x60 binaries/fscanf.o
                                         0x78 (size before relaxing)
 .eh_frame      0x000000000011b3f4       0x20 binaries/getchar.o
                                         0x38 (size before relaxing)
 .eh_frame      0x000000000011b414       0x20 binaries/labs.o
                                         0x38 (size before relaxing)
 .eh_frame      0x000000000011b434       0x20 binaries/memcmp.o
                                         0x38 (size before relaxing)
 .eh_frame      0x000000000011b454       0x24 binaries/memcpy.o
                                         0x3c (size before relaxing)
 .eh_frame      0x000000000011b478       0x24 binaries/memset.o
                                         0x3c (size before relaxing)
 .eh_frame      0x000000000011b49c       0x20 binaries/printf.o
                                         0x38 (size before relaxing)
 .eh_frame      0x000000000011b4bc       0x20 binaries/putchar.o
                                         0x38 (size before relaxing)
 .eh_frame      0x000000000011b4dc       0xa4 binaries/qsort.o
                                         0xbc (size before relaxing)
 .eh_frame      0x000000000011b580       0x60 binaries/rand.o
                                         0x78 (size before relaxing)
 .eh_frame      0x000000000011b5e0       0x40 binaries/sprintf.o
                                         0x58 (size before relaxing)
 .eh_frame      0x000000000011b620       0x60 binaries/sscanf.o
                                         0x78 (size before relaxing)
 .eh_frame      0x000000000011b680       0x20 binaries/strchr.o
                                         0x38 (size before relaxing)
 .eh_frame      0x000000000011b6a0       0x20 binaries/strcmp.o
                                         0x38 (size before relaxing)
 .eh_frame      0x000000000011b6c0       0x20 binaries/strcpy.o
                                         0x38 (size before relaxing)
 .eh_frame      0x000000000011b6e0       0x20 binaries/strlen.o
                                         0x38 (size before relaxing)
 .eh_frame      0x000000000011b700       0x20 binaries/strncat.o
                                         0x38 (size before relaxing)
 .eh_frame      0x000000000011b720       0x20 binaries/strncmp.o
                                         0x38 (size before relaxing)
 .eh_frame      0x000000000011b740       0x28 binaries/strncpy.o
                                         0x40 (size before relaxing)
 .eh_frame      0x000000000011b768       0x20 binaries/strnlen.o
                                         0x38 (size before relaxing)
 .eh_frame      0x000000000011b788       0x20 binaries/strrchr.o
                                         0x38 (size before relaxing)
 .eh_frame      0x000000000011b7a8       0x20 binaries/strstr.o
                                         0x38 (size before relaxing)
 .eh_frame      0x000000000011b7c8       0x20 binaries/ttycontrol.o
                                         0x38 (size before relaxing)
 .eh_frame      0x000000000011b7e8       0x20 binaries/ttygetc.o
                                         0x38 (size before relaxing)
 .eh_frame      0x000000000011b808       0x80 binaries/ttyhandle_in.o
                                         0x98 (size before relaxing)
 .eh_frame      0x000000000011b888       0x20 binaries/ttyhandle_out.o
                                         0x38 (size before relaxing)
 .eh_frame      0x000000000011b8a8       0x20 binaries/ttyhandler.o
                                         0x38 (size before relaxing)
 .eh_frame      0x000000000011b8c8       0x20 binaries/ttyinit.o
                                         0x38 (size before relaxing)
 .eh_frame      0x000000000011b8e8       0x20 binaries/ttykickout.o
                                         0x38 (size before relaxing)
 .eh_frame      0x000000000011b908       0x20 binaries/ttyputc.o
                                         0x38 (size before relaxing)
 .eh_frame      0x000000000011b928       0x24 binaries/ttyread.o
                                         0x3c (size before relaxing)
 .eh_frame      0x000000000011b94c       0x20 binaries/ttywrite.o
                                         0x38 (size before relaxing)
 .eh_frame      0x000000000011b96c       0x40 binaries/mount.o
                                         0x58 (size before relaxing)
 .eh_frame      0x000000000011b9ac       0x20 binaries/naminit.o
                                         0x38 (size before relaxing)
 .eh_frame      0x000000000011b9cc       0x60 binaries/nammap.o
                                         0x78 (size before relaxing)
 .eh_frame      0x000000000011ba2c       0x20 binaries/namopen.o
                                         0x38 (size before relaxing)
 .eh_frame      0x000000000011ba4c       0x20 binaries/ethcontrol.o
                                         0x38 (size before relaxing)
 .eh_frame      0x000000000011ba6c       0x20 binaries/ethhandler.o
                                         0x38 (size before relaxing)
 .eh_frame      0x000000000011ba8c       0x9c binaries/ethinit.o
                                         0xb4 (size before relaxing)
 .eh_frame      0x000000000011bb28       0x40 binaries/ethmcast.o
                                         0x58 (size before relaxing)
 .eh_frame      0x000000000011bb68       0x20 binaries/ethread.o
                                         0x38 (size before relaxing)
 .eh_frame      0x000000000011bb88       0x20 binaries/ethwrite.o
                                         0x38 (size before relaxing)
 .eh_frame      0x000000000011bba8       0x20 binaries/rdsbufalloc.o
                                         0x38 (size before relaxing)
 .eh_frame      0x000000000011bbc8       0x20 binaries/rdsclose.o
                                         0x38 (size before relaxing)
 .eh_frame      0x000000000011bbe8       0x20 binaries/rdscomm.o
                                         0x38 (size before relaxing)
 .eh_frame      0x000000000011bc08       0x20 binaries/rdscontrol.o
                                         0x38 (size before relaxing)
 .eh_frame      0x000000000011bc28       0x20 binaries/rdsinit.o
                                         0x38 (size before relaxing)
 .eh_frame      0x000000000011bc48       0x20 binaries/rdsopen.o
                                         0x38 (size before relaxing)
 .eh_frame      0x000000000011bc68       0x1c binaries/rdsprocess.o
                                         0x34 (size before relaxing)
 .eh_frame      0x000000000011bc84       0x20 binaries/rdsread.o
                                         0x38 (size before relaxing)
 .eh_frame      0x000000000011bca4       0x20 binaries/rdswrite.o
                                         0x38 (size before relaxing)
 .eh_frame      0x000000000011bcc4       0x20 binaries/ramclose.o
                                         0x38 (size before relaxing)
 .eh_frame      0x000000000011bce4       0x20 binaries/raminit.o
                                         0x38 (size before relaxing)
 .eh_frame      0x000000000011bd04       0x20 binaries/ramopen.o
                                         0x38 (size before relaxing)
 .eh_frame      0x000000000011bd24       0x20 binaries/ramread.o
                                         0x38 (size before relaxing)
 .eh_frame      0x000000000011bd44       0x20 binaries/ramwrite.o
                                         0x38 (size before relaxing)
 .eh_frame      0x000000000011bd64       0x20 binaries/lfdballoc.o
                                         0x38 (size before relaxing)
 .eh_frame      0x000000000011bd84       0x20 binaries/lfdbfree.o
                                         0x38 (size before relaxing)
 .eh_frame      0x000000000011bda4       0x20 binaries/lfflush.o
                                         0x38 (size before relaxing)
 .eh_frame      0x000000000011bdc4       0x20 binaries/lfgetmode.o
                                         0x38 (size before relaxing)
 .eh_frame      0x000000000011bde4       0x20 binaries/lfiballoc.o
                                         0x38 (size before relaxing)
 .eh_frame      0x000000000011be04       0x20 binaries/lfibclear.o
                                         0x38 (size before relaxing)
 .eh_frame      0x000000000011be24       0x20 binaries/lfibget.o
                                         0x38 (size before relaxing)
 .eh_frame      0x000000000011be44       0x20 binaries/lfibput.o
                                         0x38 (size before relaxing)
 .eh_frame      0x000000000011be64       0x20 binaries/lflclose.o
                                         0x38 (size before relaxing)
 .eh_frame      0x000000000011be84       0x20 binaries/lflcontrol.o
                                         0x38 (size before relaxing)
 .eh_frame      0x000000000011bea4       0x20 binaries/lflgetc.o
                                         0x38 (size before relaxing)
 .eh_frame      0x000000000011bec4       0x20 binaries/lflinit.o
                                         0x38 (size before relaxing)
 .eh_frame      0x000000000011bee4       0x20 binaries/lflputc.o
                                         0x38 (size before relaxing)
 .eh_frame      0x000000000011bf04       0x20 binaries/lflread.o
                                         0x38 (size before relaxing)
 .eh_frame      0x000000000011bf24       0x20 binaries/lflseek.o
                                         0x38 (size before relaxing)
 .eh_frame      0x000000000011bf44       0x20 binaries/lflwrite.o
                                         0x38 (size before relaxing)
 .eh_frame      0x000000000011bf64       0x20 binaries/lfscheck.o
                                         0x38 (size before relaxing)
 .eh_frame      0x000000000011bf84       0x20 binaries/lfsckfmt.o
                                         0x38 (size before relaxing)
 .eh_frame      0x000000000011bfa4       0x20 binaries/lfscreate.o
                                         0x38 (size before relaxing)
 .eh_frame      0x000000000011bfc4       0x20 binaries/lfsetup.o
                                         0x38 (size before relaxing)
 .eh_frame      0x000000000011bfe4       0x20 binaries/lfsinit.o
                                         0x38 (size before relaxing)
 .eh_frame      0x000000000011c004       0x20 binaries/lfsopen.o
                                         0x38 (size before relaxing)
 .eh_frame      0x000000000011c024       0x20 binaries/lftruncate.o
                                         0x38 (size before relaxing)
 .eh_frame      0x000000000011c044       0x20 binaries/rflclose.o
                                         0x38 (size before relaxing)
 .eh_frame      0x000000000011c064       0x20 binaries/rflgetc.o
                                         0x38 (size before relaxing)
 .eh_frame      0x000000000011c084       0x20 binaries/rflinit.o
                                         0x38 (size before relaxing)
 .eh_frame      0x000000000011c0a4       0x20 binaries/rflputc.o
                                         0x38 (size before relaxing)
 .eh_frame      0x000000000011c0c4       0x20 binaries/rflread.o
                                         0x38 (size before relaxing)
 .eh_frame      0x000000000011c0e4       0x20 binaries/rflseek.o
                                         0x38 (size before relaxing)
 .eh_frame      0x000000000011c104       0x20 binaries/rflwrite.o
                                         0x38 (size before relaxing)
 .eh_frame      0x000000000011c124       0x20 binaries/rfscomm.o
                                         0x38 (size before relaxing)
 .eh_frame      0x000000000011c144       0x20 binaries/rfscontrol.o
                                         0x38 (size before relaxing)
 .eh_frame      0x000000000011c164       0x20 binaries/rfsgetmode.o
                                         0x38 (size before relaxing)
 .eh_frame      0x000000000011c184       0x20 binaries/rfsinit.o
                                         0x38 (size before relaxing)
 .eh_frame      0x000000000011c1a4       0x20 binaries/rfsndmsg.o
                                         0x38 (size before relaxing)
 .eh_frame      0x000000000011c1c4       0x20 binaries/rfsopen.o
                                         0x38 (size before relaxing)
 .eh_frame      0x000000000011c1e4       0xc0 binaries/arp.o
                                         0xd8 (size before relaxing)
 .eh_frame      0x000000000011c2a4       0xa0 binaries/dhcp.o
                                         0xb8 (size before relaxing)
 .eh_frame      0x000000000011c344       0x80 binaries/dns.o
                                         0x98 (size before relaxing)
 .eh_frame      0x000000000011c3c4       0x20 binaries/dot2ip.o
                                         0x38 (size before relaxing)
 .eh_frame      0x000000000011c3e4       0x40 binaries/hexdump.o
                                         0x58 (size before relaxing)
 .eh_frame      0x000000000011c424      0x14c binaries/icmp.o
                                        0x164 (size before relaxing)
 .eh_frame      0x000000000011c570      0x11c binaries/ip.o
                                        0x134 (size before relaxing)
 .eh_frame      0x000000000011c68c       0xa0 binaries/net.o
                                         0xb8 (size before relaxing)
 .eh_frame      0x000000000011c72c       0x60 binaries/pdump.o
                                         0x78 (size before relaxing)
 .eh_frame      0x000000000011c78c       0x4c binaries/tftp.o
                                         0x64 (size before relaxing)
 .eh_frame      0x000000000011c7d8      0x140 binaries/udp.o
                                        0x158 (size before relaxing)
 .eh_frame      0x000000000011c918       0x20 binaries/addargs.o
                                         0x38 (size before relaxing)
 .eh_frame      0x000000000011c938       0x20 binaries/lexan.o
                                         0x38 (size before relaxing)
 .eh_frame      0x000000000011c958       0x20 binaries/shell.o
                                         0x38 (size before relaxing)
 .eh_frame      0x000000000011c978       0x20 binaries/xsh_argecho.o
                                         0x38 (size before relaxing)
 .eh_frame      0x000000000011c998       0x40 binaries/xsh_arp.o
                                         0x58 (size before relaxing)
 .eh_frame      0x000000000011c9d8       0x20 binaries/xsh_cat.o
                                         0x38 (size before relaxing)
 .eh_frame      0x000000000011c9f8       0x20 binaries/xsh_clear.o
                                         0x38 (size before relaxing)
 .eh_frame      0x000000000011ca18       0x20 binaries/xsh_date.o
                                         0x38 (size before relaxing)
 .eh_frame      0x000000000011ca38       0x20 binaries/xsh_devdump.o
                                         0x38 (size before relaxing)
 .eh_frame      0x000000000011ca58       0x20 binaries/xsh_echo.o
                                         0x38 (size before relaxing)
 .eh_frame      0x000000000011ca78       0x20 binaries/xsh_exit.o
                                         0x38 (size before relaxing)
 .eh_frame      0x000000000011ca98       0x20 binaries/xsh_help.o
                                         0x38 (size before relaxing)
 .eh_frame      0x000000000011cab8       0x20 binaries/xsh_kill.o
                                         0x38 (size before relaxing)
 .eh_frame      0x000000000011cad8       0x40 binaries/xsh_memdump.o
                                         0x58 (size before relaxing)
 .eh_frame      0x000000000011cb18       0x60 binaries/xsh_memstat.o
                                         0x78 (size before relaxing)
 .eh_frame      0x000000000011cb78       0x30 binaries/xsh_netinfo.o
                                         0x48 (size before relaxing)
 .eh_frame      0x000000000011cba8       0x24 binaries/xsh_ping.o
                                         0x3c (size before relaxing)
 .eh_frame      0x000000000011cbcc       0x30 binaries/xsh_ps.o
                                         0x48 (size before relaxing)
 .eh_frame      0x000000000011cbfc       0x20 binaries/xsh_sleep.o
                                         0x38 (size before relaxing)
 .eh_frame      0x000000000011cc1c       0x20 binaries/xsh_udpdump.o
                                         0x38 (size before relaxing)
 .eh_frame      0x000000000011cc3c       0x30 binaries/xsh_udpecho.o
                                         0x48 (size before relaxing)
 .eh_frame      0x000000000011cc6c       0x24 binaries/xsh_udpserver.o
                                         0x3c (size before relaxing)
 .eh_frame      0x000000000011cc90       0x20 binaries/xsh_uptime.o
                                         0x38 (size before relaxing)

.iplt           0x000000000011ccb0        0x0
 .iplt          0x000000000011ccb0        0x0 binaries/start.o

.rel.dyn        0x000000000011ccb0        0x0
 .rel.iplt      0x000000000011ccb0        0x0 binaries/start.o
 .rel.text      0x000000000011ccb0        0x0 binaries/start.o
 .rel.data      0x000000000011ccb0        0x0 binaries/start.o
 .rel.rodata    0x000000000011ccb0        0x0 binaries/start.o

.data           0x000000000011ccc0     0x1340
                0x000000000011ccc0                data = ABSOLUTE (.)
 *(.data .data.*)
 .data          0x000000000011ccc0      0x83a binaries/start.o
                0x000000000011ccc0                gdt
                0x000000000011ccf0                idt
                0x000000000011d4f6                cpudelay
 *fill*         0x000000000011d4fa        0x6 
 .data          0x000000000011d500       0x88 binaries/ascdate.o
                0x000000000011d500                Date
 .data          0x000000000011d588        0x0 binaries/bufinit.o
 .data          0x000000000011d588        0x0 binaries/chprio.o
 .data          0x000000000011d588        0x4 binaries/clkhandler.o
 .data          0x000000000011d58c        0x0 binaries/clkinit.o
 .data          0x000000000011d58c        0x0 binaries/close.o
 *fill*         0x000000000011d58c       0x14 
 .data          0x000000000011d5a0      0x5a0 binaries/conf.o
                0x000000000011d5a0                devtab
 .data          0x000000000011db40        0x0 binaries/control.o
 .data          0x000000000011db40        0x4 binaries/create.o
 .data          0x000000000011db44        0x0 binaries/debugprint.o
 .data          0x000000000011db44        0x0 binaries/early_imr.o
 *fill*         0x000000000011db44       0x1c 
 .data          0x000000000011db60       0x40 binaries/evec.o
                0x000000000011db60                inames
 .data          0x000000000011dba0        0x0 binaries/exit.o
 .data          0x000000000011dba0        0x0 binaries/freebuf.o
 .data          0x000000000011dba0        0x0 binaries/freemem.o
 .data          0x000000000011dba0        0x0 binaries/getbuf.o
 .data          0x000000000011dba0        0x0 binaries/getc.o
 .data          0x000000000011dba0        0x0 binaries/getdev.o
 .data          0x000000000011dba0        0x0 binaries/getitem.o
 .data          0x000000000011dba0        0x0 binaries/getmem.o
 .data          0x000000000011dba0        0x0 binaries/getpid.o
 .data          0x000000000011dba0        0x0 binaries/getprio.o
 .data          0x000000000011dba0        0x0 binaries/getstk.o
 .data          0x000000000011dba0        0x0 binaries/getticks.o
 .data          0x000000000011dba0        0x0 binaries/gettime.o
 .data          0x000000000011dba0        0x0 binaries/getutime.o
[...]
 .comment       0x0000000000000034       0x35 binaries/lexan.o
 .comment       0x0000000000000034       0x35 binaries/shell.o
 .comment       0x0000000000000034       0x35 binaries/xsh_argecho.o
 .comment       0x0000000000000034       0x35 binaries/xsh_arp.o
 .comment       0x0000000000000034       0x35 binaries/xsh_cat.o
 .comment       0x0000000000000034       0x35 binaries/xsh_clear.o
 .comment       0x0000000000000034       0x35 binaries/xsh_date.o
 .comment       0x0000000000000034       0x35 binaries/xsh_devdump.o
 .comment       0x0000000000000034       0x35 binaries/xsh_echo.o
 .comment       0x0000000000000034       0x35 binaries/xsh_exit.o
 .comment       0x0000000000000034       0x35 binaries/xsh_help.o
 .comment       0x0000000000000034       0x35 binaries/xsh_kill.o
 .comment       0x0000000000000034       0x35 binaries/xsh_memdump.o
 .comment       0x0000000000000034       0x35 binaries/xsh_memstat.o
 .comment       0x0000000000000034       0x35 binaries/xsh_netinfo.o
 .comment       0x0000000000000034       0x35 binaries/xsh_ping.o
 .comment       0x0000000000000034       0x35 binaries/xsh_ps.o
 .comment       0x0000000000000034       0x35 binaries/xsh_sleep.o
 .comment       0x0000000000000034       0x35 binaries/xsh_udpdump.o
 .comment       0x0000000000000034       0x35 binaries/xsh_udpecho.o
 .comment       0x0000000000000034       0x35 binaries/xsh_udpserver.o
 .comment       0x0000000000000034       0x35 binaries/xsh_uptime.o

.note.GNU-stack
                0x0000000000000000        0x0
 .note.GNU-stack
                0x0000000000000000        0x0 binaries/ascdate.o
 .note.GNU-stack
                0x0000000000000000        0x0 binaries/bufinit.o
 .note.GNU-stack
                0x0000000000000000        0x0 binaries/chprio.o
 .note.GNU-stack
                0x0000000000000000        0x0 binaries/clkhandler.o
 .note.GNU-stack
                0x0000000000000000        0x0 binaries/clkinit.o
 .note.GNU-stack
                0x0000000000000000        0x0 binaries/close.o
 .note.GNU-stack
                0x0000000000000000        0x0 binaries/conf.o
 .note.GNU-stack
                0x0000000000000000        0x0 binaries/control.o
 .note.GNU-stack
                0x0000000000000000        0x0 binaries/create.o
 .note.GNU-stack
                0x0000000000000000        0x0 binaries/debugprint.o
 .note.GNU-stack
                0x0000000000000000        0x0 binaries/early_imr.o
 .note.GNU-stack
                0x0000000000000000        0x0 binaries/evec.o
 .note.GNU-stack
                0x0000000000000000        0x0 binaries/exit.o
 .note.GNU-stack
                0x0000000000000000        0x0 binaries/freebuf.o
 .note.GNU-stack
                0x0000000000000000        0x0 binaries/freemem.o
 .note.GNU-stack
                0x0000000000000000        0x0 binaries/getbuf.o
 .note.GNU-stack
                0x0000000000000000        0x0 binaries/getc.o
 .note.GNU-stack
                0x0000000000000000        0x0 binaries/getdev.o
 .note.GNU-stack
                0x0000000000000000        0x0 binaries/getitem.o
 .note.GNU-stack
                0x0000000000000000        0x0 binaries/getmem.o
 .note.GNU-stack
                0x0000000000000000        0x0 binaries/getpid.o
 .note.GNU-stack
                0x0000000000000000        0x0 binaries/getprio.o
 .note.GNU-stack
                0x0000000000000000        0x0 binaries/getstk.o
 .note.GNU-stack
                0x0000000000000000        0x0 binaries/getticks.o
 .note.GNU-stack
                0x0000000000000000        0x0 binaries/gettime.o
 .note.GNU-stack
                0x0000000000000000        0x0 binaries/getutime.o
 .note.GNU-stack
                0x0000000000000000        0x0 binaries/init.o
 .note.GNU-stack
                0x0000000000000000        0x0 binaries/initialize.o
 .note.GNU-stack
                0x0000000000000000        0x0 binaries/insert.o
 .note.GNU-stack
                0x0000000000000000        0x0 binaries/insertd.o
 .note.GNU-stack
                0x0000000000000000        0x0 binaries/insertp.o
 .note.GNU-stack
                0x0000000000000000        0x0 binaries/ioerr.o
 .note.GNU-stack
                0x0000000000000000        0x0 binaries/ionull.o
 .note.GNU-stack
                0x0000000000000000        0x0 binaries/kill.o
 .note.GNU-stack
                0x0000000000000000        0x0 binaries/kprintf.o
 .note.GNU-stack
                0x0000000000000000        0x0 binaries/lab1app2a.o
 .note.GNU-stack
                0x0000000000000000        0x0 binaries/lab1app2b.o
 .note.GNU-stack
                0x0000000000000000        0x0 binaries/lab1app4tests.o
 .note.GNU-stack
                0x0000000000000000        0x0 binaries/lab1app.o
 .note.GNU-stack
                0x0000000000000000        0x0 binaries/main.o
 .note.GNU-stack
                0x0000000000000000        0x0 binaries/mark.o
 .note.GNU-stack
                0x0000000000000000        0x0 binaries/meminit.o
 .note.GNU-stack
                0x0000000000000000        0x0 binaries/mkbufpool.o
 .note.GNU-stack
                0x0000000000000000        0x0 binaries/newqueue.o
 .note.GNU-stack
                0x0000000000000000        0x0 binaries/open.o
 .note.GNU-stack
                0x0000000000000000        0x0 binaries/panic.o
 .note.GNU-stack
                0x0000000000000000        0x0 binaries/pci.o
 .note.GNU-stack
                0x0000000000000000        0x0 binaries/platinit.o
 .note.GNU-stack
                0x0000000000000000        0x0 binaries/ptclear.o
 .note.GNU-stack
                0x0000000000000000        0x0 binaries/ptcount.o
 .note.GNU-stack
                0x0000000000000000        0x0 binaries/ptcreate.o
 .note.GNU-stack
                0x0000000000000000        0x0 binaries/ptdelete.o
 .note.GNU-stack
                0x0000000000000000        0x0 binaries/ptinit.o
 .note.GNU-stack
                0x0000000000000000        0x0 binaries/ptrecv.o
 .note.GNU-stack
                0x0000000000000000        0x0 binaries/ptreset.o
 .note.GNU-stack
                0x0000000000000000        0x0 binaries/ptsend.o
 .note.GNU-stack
                0x0000000000000000        0x0 binaries/putc.o
 .note.GNU-stack
                0x0000000000000000        0x0 binaries/quark_irq.o
 .note.GNU-stack
                0x0000000000000000        0x0 binaries/quark_pdat.o
 .note.GNU-stack
                0x0000000000000000        0x0 binaries/queue.o
 .note.GNU-stack
                0x0000000000000000        0x0 binaries/read.o
 .note.GNU-stack
                0x0000000000000000        0x0 binaries/ready.o
 .note.GNU-stack
                0x0000000000000000        0x0 binaries/receive.o
 .note.GNU-stack
                0x0000000000000000        0x0 binaries/recvclr.o
 .note.GNU-stack
                0x0000000000000000        0x0 binaries/recvtime.o
 .note.GNU-stack
                0x0000000000000000        0x0 binaries/resched.o
 .note.GNU-stack
                0x0000000000000000        0x0 binaries/resume.o
 .note.GNU-stack
                0x0000000000000000        0x0 binaries/seek.o
 .note.GNU-stack
                0x0000000000000000        0x0 binaries/semcount.o
 .note.GNU-stack
                0x0000000000000000        0x0 binaries/semcreate.o
 .note.GNU-stack
                0x0000000000000000        0x0 binaries/semdelete.o
 .note.GNU-stack
                0x0000000000000000        0x0 binaries/semreset.o
 .note.GNU-stack
                0x0000000000000000        0x0 binaries/send.o
 .note.GNU-stack
                0x0000000000000000        0x0 binaries/signal.o
 .note.GNU-stack
                0x0000000000000000        0x0 binaries/signaln.o
 .note.GNU-stack
                0x0000000000000000        0x0 binaries/sleep.o
 .note.GNU-stack
                0x0000000000000000        0x0 binaries/stacktrace.o
 .note.GNU-stack
                0x0000000000000000        0x0 binaries/suspend.o
 .note.GNU-stack
                0x0000000000000000        0x0 binaries/unsleep.o
 .note.GNU-stack
                0x0000000000000000        0x0 binaries/userret.o
 .note.GNU-stack
                0x0000000000000000        0x0 binaries/wait.o
 .note.GNU-stack
                0x0000000000000000        0x0 binaries/wakeup.o
 .note.GNU-stack
                0x0000000000000000        0x0 binaries/write.o
 .note.GNU-stack
                0x0000000000000000        0x0 binaries/xdone.o
 .note.GNU-stack
                0x0000000000000000        0x0 binaries/yield.o
 .note.GNU-stack
                0x0000000000000000        0x0 binaries/abs.o
 .note.GNU-stack
                0x0000000000000000        0x0 binaries/atoi.o
 .note.GNU-stack
                0x0000000000000000        0x0 binaries/atol.o
 .note.GNU-stack
                0x0000000000000000        0x0 binaries/bzero.o
 .note.GNU-stack
                0x0000000000000000        0x0 binaries/ctype_.o
 .note.GNU-stack
                0x0000000000000000        0x0 binaries/doprnt.o
 .note.GNU-stack
                0x0000000000000000        0x0 binaries/doscan.o
 .note.GNU-stack
                0x0000000000000000        0x0 binaries/fdoprnt.o
 .note.GNU-stack
                0x0000000000000000        0x0 binaries/fgetc.o
 .note.GNU-stack
                0x0000000000000000        0x0 binaries/fgets.o
 .note.GNU-stack
                0x0000000000000000        0x0 binaries/fprintf.o
 .note.GNU-stack
                0x0000000000000000        0x0 binaries/fputc.o
 .note.GNU-stack
                0x0000000000000000        0x0 binaries/fputs.o
 .note.GNU-stack
                0x0000000000000000        0x0 binaries/fscanf.o
 .note.GNU-stack
                0x0000000000000000        0x0 binaries/getchar.o
 .note.GNU-stack
                0x0000000000000000        0x0 binaries/labs.o
 .note.GNU-stack
                0x0000000000000000        0x0 binaries/memchr.o
 .note.GNU-stack
                0x0000000000000000        0x0 binaries/memcmp.o
 .note.GNU-stack
                0x0000000000000000        0x0 binaries/memcpy.o
 .note.GNU-stack
                0x0000000000000000        0x0 binaries/memset.o
 .note.GNU-stack
                0x0000000000000000        0x0 binaries/printf.o
 .note.GNU-stack
                0x0000000000000000        0x0 binaries/putchar.o
 .note.GNU-stack
                0x0000000000000000        0x0 binaries/qsort.o
 .note.GNU-stack
                0x0000000000000000        0x0 binaries/rand.o
 .note.GNU-stack
                0x0000000000000000        0x0 binaries/sprintf.o
 .note.GNU-stack
                0x0000000000000000        0x0 binaries/sscanf.o
 .note.GNU-stack
                0x0000000000000000        0x0 binaries/strchr.o
 .note.GNU-stack
                0x0000000000000000        0x0 binaries/strcmp.o
 .note.GNU-stack
                0x0000000000000000        0x0 binaries/strcpy.o
 .note.GNU-stack
                0x0000000000000000        0x0 binaries/strlen.o
 .note.GNU-stack
                0x0000000000000000        0x0 binaries/strncat.o
 .note.GNU-stack
                0x0000000000000000        0x0 binaries/strncmp.o
 .note.GNU-stack
                0x0000000000000000        0x0 binaries/strncpy.o
 .note.GNU-stack
                0x0000000000000000        0x0 binaries/strnlen.o
 .note.GNU-stack
                0x0000000000000000        0x0 binaries/strrchr.o
 .note.GNU-stack
                0x0000000000000000        0x0 binaries/strstr.o
 .note.GNU-stack
                0x0000000000000000        0x0 binaries/ttycontrol.o
 .note.GNU-stack
                0x0000000000000000        0x0 binaries/ttygetc.o
 .note.GNU-stack
                0x0000000000000000        0x0 binaries/ttyhandle_in.o
 .note.GNU-stack
                0x0000000000000000        0x0 binaries/ttyhandle_out.o
 .note.GNU-stack
                0x0000000000000000        0x0 binaries/ttyhandler.o
 .note.GNU-stack
                0x0000000000000000        0x0 binaries/ttyinit.o
 .note.GNU-stack
                0x0000000000000000        0x0 binaries/ttykickout.o
 .note.GNU-stack
                0x0000000000000000        0x0 binaries/ttyputc.o
 .note.GNU-stack
                0x0000000000000000        0x0 binaries/ttyread.o
 .note.GNU-stack
                0x0000000000000000        0x0 binaries/ttywrite.o
 .note.GNU-stack
                0x0000000000000000        0x0 binaries/mount.o
 .note.GNU-stack
                0x0000000000000000        0x0 binaries/naminit.o
 .note.GNU-stack
                0x0000000000000000        0x0 binaries/nammap.o
 .note.GNU-stack
                0x0000000000000000        0x0 binaries/namopen.o
 .note.GNU-stack
                0x0000000000000000        0x0 binaries/ethcontrol.o
 .note.GNU-stack
                0x0000000000000000        0x0 binaries/ethhandler.o
 .note.GNU-stack
                0x0000000000000000        0x0 binaries/ethinit.o
 .note.GNU-stack
                0x0000000000000000        0x0 binaries/ethmcast.o
 .note.GNU-stack
                0x0000000000000000        0x0 binaries/ethread.o
 .note.GNU-stack
                0x0000000000000000        0x0 binaries/ethwrite.o
 .note.GNU-stack
                0x0000000000000000        0x0 binaries/rdsbufalloc.o
 .note.GNU-stack
                0x0000000000000000        0x0 binaries/rdsclose.o
 .note.GNU-stack
                0x0000000000000000        0x0 binaries/rdscomm.o
 .note.GNU-stack
                0x0000000000000000        0x0 binaries/rdscontrol.o
 .note.GNU-stack
                0x0000000000000000        0x0 binaries/rdsinit.o
 .note.GNU-stack
                0x0000000000000000        0x0 binaries/rdsopen.o
 .note.GNU-stack
                0x0000000000000000        0x0 binaries/rdsprocess.o
 .note.GNU-stack
                0x0000000000000000        0x0 binaries/rdsread.o
 .note.GNU-stack
                0x0000000000000000        0x0 binaries/rdswrite.o
 .note.GNU-stack
                0x0000000000000000        0x0 binaries/ramclose.o
 .note.GNU-stack
                0x0000000000000000        0x0 binaries/raminit.o
 .note.GNU-stack
                0x0000000000000000        0x0 binaries/ramopen.o
 .note.GNU-stack
                0x0000000000000000        0x0 binaries/ramread.o
 .note.GNU-stack
                0x0000000000000000        0x0 binaries/ramwrite.o
 .note.GNU-stack
                0x0000000000000000        0x0 binaries/lfdballoc.o
 .note.GNU-stack
                0x0000000000000000        0x0 binaries/lfdbfree.o
 .note.GNU-stack
                0x0000000000000000        0x0 binaries/lfflush.o
 .note.GNU-stack
                0x0000000000000000        0x0 binaries/lfgetmode.o
 .note.GNU-stack
                0x0000000000000000        0x0 binaries/lfiballoc.o
 .note.GNU-stack
                0x0000000000000000        0x0 binaries/lfibclear.o
 .note.GNU-stack
                0x0000000000000000        0x0 binaries/lfibget.o
 .note.GNU-stack
                0x0000000000000000        0x0 binaries/lfibput.o
 .note.GNU-stack
                0x0000000000000000        0x0 binaries/lflclose.o
 .note.GNU-stack
                0x0000000000000000        0x0 binaries/lflcontrol.o
 .note.GNU-stack
                0x0000000000000000        0x0 binaries/lflgetc.o
 .note.GNU-stack
                0x0000000000000000        0x0 binaries/lflinit.o
 .note.GNU-stack
                0x0000000000000000        0x0 binaries/lflputc.o
 .note.GNU-stack
                0x0000000000000000        0x0 binaries/lflread.o
 .note.GNU-stack
                0x0000000000000000        0x0 binaries/lflseek.o
 .note.GNU-stack
                0x0000000000000000        0x0 binaries/lflwrite.o
 .note.GNU-stack
                0x0000000000000000        0x0 binaries/lfscheck.o
 .note.GNU-stack
                0x0000000000000000        0x0 binaries/lfsckfmt.o
 .note.GNU-stack
                0x0000000000000000        0x0 binaries/lfscreate.o
 .note.GNU-stack
                0x0000000000000000        0x0 binaries/lfsetup.o
 .note.GNU-stack
                0x0000000000000000        0x0 binaries/lfsinit.o
 .note.GNU-stack
                0x0000000000000000        0x0 binaries/lfsopen.o
 .note.GNU-stack
                0x0000000000000000        0x0 binaries/lftruncate.o
 .note.GNU-stack
                0x0000000000000000        0x0 binaries/rflclose.o
 .note.GNU-stack
                0x0000000000000000        0x0 binaries/rflgetc.o
 .note.GNU-stack
                0x0000000000000000        0x0 binaries/rflinit.o
 .note.GNU-stack
                0x0000000000000000        0x0 binaries/rflputc.o
 .note.GNU-stack
                0x0000000000000000        0x0 binaries/rflread.o
 .note.GNU-stack
                0x0000000000000000        0x0 binaries/rflseek.o
 .note.GNU-stack
                0x0000000000000000        0x0 binaries/rflwrite.o
 .note.GNU-stack
                0x0000000000000000        0x0 binaries/rfscomm.o
 .note.GNU-stack
                0x0000000000000000        0x0 binaries/rfscontrol.o
 .note.GNU-stack
                0x0000000000000000        0x0 binaries/rfsgetmode.o
 .note.GNU-stack
                0x0000000000000000        0x0 binaries/rfsinit.o
 .note.GNU-stack
                0x0000000000000000        0x0 binaries/rfsndmsg.o
 .note.GNU-stack
                0x0000000000000000        0x0 binaries/rfsopen.o
 .note.GNU-stack
                0x0000000000000000        0x0 binaries/arp.o
 .note.GNU-stack
                0x0000000000000000        0x0 binaries/dhcp.o
 .note.GNU-stack
                0x0000000000000000        0x0 binaries/dns.o
 .note.GNU-stack
                0x0000000000000000        0x0 binaries/dot2ip.o
 .note.GNU-stack
                0x0000000000000000        0x0 binaries/hexdump.o
 .note.GNU-stack
                0x0000000000000000        0x0 binaries/icmp.o
 .note.GNU-stack
                0x0000000000000000        0x0 binaries/ip.o
 .note.GNU-stack
                0x0000000000000000        0x0 binaries/net.o
 .note.GNU-stack
                0x0000000000000000        0x0 binaries/pdump.o
 .note.GNU-stack
                0x0000000000000000        0x0 binaries/tftp.o
 .note.GNU-stack
                0x0000000000000000        0x0 binaries/udp.o
 .note.GNU-stack
                0x0000000000000000        0x0 binaries/addargs.o
 .note.GNU-stack
                0x0000000000000000        0x0 binaries/lexan.o
 .note.GNU-stack
                0x0000000000000000        0x0 binaries/shell.o
 .note.GNU-stack
                0x0000000000000000        0x0 binaries/xsh_argecho.o
 .note.GNU-stack
                0x0000000000000000        0x0 binaries/xsh_arp.o
 .note.GNU-stack
                0x0000000000000000        0x0 binaries/xsh_cat.o
 .note.GNU-stack
                0x0000000000000000        0x0 binaries/xsh_clear.o
 .note.GNU-stack
                0x0000000000000000        0x0 binaries/xsh_date.o
 .note.GNU-stack
                0x0000000000000000        0x0 binaries/xsh_devdump.o
 .note.GNU-stack
                0x0000000000000000        0x0 binaries/xsh_echo.o
 .note.GNU-stack
                0x0000000000000000        0x0 binaries/xsh_exit.o
 .note.GNU-stack
                0x0000000000000000        0x0 binaries/xsh_help.o
 .note.GNU-stack
                0x0000000000000000        0x0 binaries/xsh_kill.o
 .note.GNU-stack
                0x0000000000000000        0x0 binaries/xsh_memdump.o
 .note.GNU-stack
                0x0000000000000000        0x0 binaries/xsh_memstat.o
 .note.GNU-stack
                0x0000000000000000        0x0 binaries/xsh_netinfo.o
 .note.GNU-stack
                0x0000000000000000        0x0 binaries/xsh_ping.o
 .note.GNU-stack
                0x0000000000000000        0x0 binaries/xsh_ps.o
 .note.GNU-stack
                0x0000000000000000        0x0 binaries/xsh_sleep.o
 .note.GNU-stack
                0x0000000000000000        0x0 binaries/xsh_udpdump.o
 .note.GNU-stack
                0x0000000000000000        0x0 binaries/xsh_udpecho.o
 .note.GNU-stack
                0x0000000000000000        0x0 binaries/xsh_udpserver.o
 .note.GNU-stack
                0x0000000000000000        0x0 binaries/xsh_uptime.o
